W/PackageManager(  394): Not granting permission android.permission.CALL_PRIVILEGED to package com.google.android.gms (protectionLevel=18 flags=0xc83ec5)
W/PackageManager(  394): Unknown permission android.permission.BLUETOOTH_PRIVILEGED in package com.google.android.gms
W/PackageManager(  394): Unknown permission android.permission.CAPTURE_AUDIO_OUTPUT in package com.google.android.gms
W/PackageManager(  394): Unknown permission android.permission.CAPTURE_VIDEO_OUTPUT in package com.google.android.gms
W/PackageManager(  394): Unknown permission android.permission.CAPTURE_SECURE_VIDEO_OUTPUT in package com.google.android.gms
W/PackageManager(  394): Not granting permission android.permission.READ_FRAME_BUFFER to package com.google.android.gms (protectionLevel=18 flags=0xc83ec5)
W/PackageManager(  394): Unknown permission com.google.android.wearable.READ_SETTINGS in package com.google.android.gms
W/PackageManager(  394): Unknown permission android.permission.READ_OWNER_DATA in package com.google.android.setupwizard
W/PackageManager(  394): Unknown permission android.permission.WRITE_OWNER_DATA in package com.google.android.setupwizard
W/PackageManager(  394): Unknown permission android.permission.MEDIA_CONTENT_CONTROL in package com.google.android.googlequicksearchbox
W/PackageManager(  394): Unknown permission com.google.android.apps.googlevoice.permission.AUTO_SEND in package com.google.android.googlequicksearchbox
W/PackageManager(  394): Unknown permission com.android.chrome.PRERENDER_URL in package com.google.android.googlequicksearchbox
W/PackageManager(  394): Unknown permission android.permission.CAPTURE_AUDIO_HOTWORD in package com.google.android.googlequicksearchbox
W/PackageManager(  394): Not granting permission android.permission.STOP_APP_SWITCHES to package com.google.android.googlequicksearchbox (protectionLevel=18 flags=0xdbbec5)
W/PackageManager(  394): Not granting permission android.permission.STATUS_BAR to package com.google.android.googlequicksearchbox (protectionLevel=18 flags=0xdbbec5)
W/PackageManager(  394): Unknown permission com.google.android.launcher.permission.CONTENT_REDIRECT in package com.google.android.googlequicksearchbox
W/PackageManager(  394): Not granting permission android.permission.BIND_APPWIDGET to package com.google.android.googlequicksearchbox (protectionLevel=18 flags=0xdbbec5)
W/PackageManager(  394): Not granting permission android.permission.SEND_DOWNLOAD_COMPLETED_INTENTS to package com.android.vending (protectionLevel=2 flags=0x8abec5)
W/PackageManager(  394): Not granting permission android.permission.WRITE_SECURE_SETTINGS to package com.android.vending (protectionLevel=50 flags=0x8abec5)
W/PackageManager(  394): Unknown permission android.permission.MANAGE_DOCUMENTS in package com.google.android.youtube
W/PackageManager(  394): Not granting permission android.permission.READ_DREAM_STATE to package com.google.android.gsf (protectionLevel=2 flags=0x883e45)
W/PackageManager(  394): Unknown permission com.digiburo.mellow.heeler.permission.MAPS_RECEIVE in package com.digiburo.mellow.heeler
I/ActivityManager(  394): Force stopping package com.digiburo.mellow.heeler appid=10002 user=0
D/dalvikvm(15579): GC_EXPLICIT freed 262K, 5% free 9199K/9624K, paused 2ms+4ms, total 34ms
D/dalvikvm(14226): GC_EXPLICIT freed 590K, 4% free 15306K/15940K, paused 4ms+16ms, total 78ms
I/InputReader(  394): Reconfiguring input devices.  changes=0x00000010
D/dalvikvm(  651): WAIT_FOR_CONCURRENT_GC blocked 1ms
D/dalvikvm(15458): GC_EXPLICIT freed 262K, 4% free 9176K/9536K, paused 2ms+3ms, total 55ms
I/InputReader(  394): Reconfiguring input devices.  changes=0x00000010
W/ContextImpl(15494): Calling a method in the system process without a qualified user: android.app.ContextImpl.startService:1385 android.content.ContextWrapper.startService:473 android.content.ContextWrapper.startService:473 com.android.keychain.KeyChainBroadcastReceiver.onReceive:12 android.app.ActivityThread.handleReceiver:2424 
D/dalvikvm(  647): GC_CONCURRENT freed 435K, 5% free 9130K/9604K, paused 4ms+1ms, total 21ms
D/dalvikvm(  394): GC_EXPLICIT freed 1692K, 34% free 24289K/36536K, paused 10ms+18ms, total 243ms
D/dalvikvm(  394): WAIT_FOR_CONCURRENT_GC blocked 69ms
D/dalvikvm(  651): GC_EXPLICIT freed 1134K, 28% free 17162K/23820K, paused 3ms+116ms, total 154ms
I/Launcher(  651): Deferring update until onResume
D/BackupManagerService(  394): Received broadcast Intent { act=android.intent.action.PACKAGE_REMOVED dat=package:com.digiburo.mellow.heeler flg=0x8000010 (has extras) }
D/BackupManagerService(  394): Received broadcast Intent { act=android.intent.action.PACKAGE_ADDED dat=package:com.digiburo.mellow.heeler flg=0x8000010 (has extras) }
D/PackageBroadcastService(  840): Received broadcast action=android.intent.action.PACKAGE_REMOVED and uri=com.digiburo.mellow.heeler
V/BackupManagerService(  394): removePackageParticipantsLocked: uid=10002 #1
D/dalvikvm(15521): GC_CONCURRENT freed 405K, 5% free 9288K/9732K, paused 3ms+1ms, total 44ms
V/BackupManagerService(  394): addPackageParticipantsLocked: #1
I/Launcher(  651): Deferring update until onResume
I/InternalIcingCorporaPro(15579): Updating corpora: APPS=com.digiburo.mellow.heeler, CONTACTS=MAYBE
D/dalvikvm(15474): GC_CONCURRENT freed 258K, 4% free 9164K/9476K, paused 4ms+1ms, total 47ms
D/PackageAddedReceiver(  684): package added com.digiburo.mellow.heeler
D/PackageBroadcastService(  840): Received broadcast action=android.intent.action.PACKAGE_ADDED and uri=com.digiburo.mellow.heeler
I/PeopleContactsSync(  840): CP2 sync disabled
I/InternalIcingCorporaPro(15579): UpdateCorporaTask done [took 57 ms] updated apps [took 57 ms] 
D/PackageBroadcastService(  840): Received broadcast action=android.intent.action.PACKAGE_REPLACED and uri=com.digiburo.mellow.heeler
D/dalvikvm(15642): GC_CONCURRENT freed 239K, 3% free 9195K/9472K, paused 1ms+1ms, total 18ms
I/PeopleContactsSync(  840): CP2 sync disabled
D/dalvikvm(  394): GC_EXPLICIT freed 1211K, 36% free 23658K/36536K, paused 74ms+25ms, total 471ms
D/AndroidRuntime(15707): Shutting down VM
D/jdwp    (15707): Got wake-up signal, bailing out of select
D/dalvikvm(15707): Debugger has detached; object registry had 1 entries
D/dalvikvm(14245): GC_CONCURRENT freed 390K, 5% free 8896K/9324K, paused 2ms+1ms, total 14ms
D/AndroidRuntime(15743): 
D/AndroidRuntime(15743): >>>>>> AndroidRuntime START com.android.internal.os.RuntimeInit <<<<<<
D/AndroidRuntime(15743): CheckJNI is OFF
D/dalvikvm(15743): Trying to load lib libjavacore.so 0x0
D/dalvikvm(15743): Added shared lib libjavacore.so 0x0
D/dalvikvm(15743): Trying to load lib libnativehelper.so 0x0
D/dalvikvm(15743): Added shared lib libnativehelper.so 0x0
D/dalvikvm(14245): GC_CONCURRENT freed 387K, 5% free 8893K/9324K, paused 2ms+2ms, total 15ms
D/AndroidRuntime(15743): Calling main entry com.android.commands.am.Am
D/dalvikvm(15743): Note: class Landroid/app/ActivityManagerNative; has 163 unimplemented (abstract) methods
I/ActivityManager(  394): START u0 {act=android.intent.action.MAIN cat=[android.intent.category.LAUNCHER] flg=0x10000000 cmp=com.digiburo.mellow.heeler/.app.MainActivity} from pid 15743
D/AndroidRuntime(15743): Shutting down VM
D/jdwp    (15743): Got wake-up signal, bailing out of select
D/dalvikvm(15743): Debugger has detached; object registry had 1 entries
D/dalvikvm(15753): Late-enabling CheckJNI
I/ActivityManager(  394): Start proc com.digiburo.mellow.heeler for activity com.digiburo.mellow.heeler/.app.MainActivity: pid=15753 uid=10002 gids={50002, 3003, 1015, 1028}
I/System.out(15753): xoxoxoxoxoxoxo
D/com.digiburo.mellow.heeler.lib.HeelerApplication(15753): debug level message
I/com.digiburo.mellow.heeler.lib.HeelerApplication(15753): info level message
W/com.digiburo.mellow.heeler.lib.HeelerApplication(15753): warn level message
E/com.digiburo.mellow.heeler.lib.HeelerApplication(15753): error level message
I/System.out(15753): xoxoxoxoxoxoxo
D//SpiceManager.java:212(15753): 21:24:37.065 main SpiceManager started.
V//SpiceManager.java:1183(15753): 21:24:37.076 SpiceManagerThread 0 Binding to service.
V//SpiceManager.java:1189(15753): 21:24:37.082 SpiceManagerThread 0 Binding to service succeeded.
D/dalvikvm(15753): GC_FOR_ALLOC freed 282K, 4% free 9094K/9412K, paused 16ms, total 16ms
D//SpiceManager.java:1236(15753): 21:24:37.102 SpiceManagerThread 0 Waiting for service to be bound.
D/com.digiburo.mellow.heeler.app.ConsoleFragment(15753): start collection false
D/com.digiburo.mellow.heeler.app.ConsoleFragment(15753): start collection false
D//SpiceService.java:127(15753): 21:24:37.208 main SpiceService instance created.
V//SpiceService.java:442(15753): 21:24:37.297 main Pending requests : 0
V//SpiceService.java:444(15753): 21:24:37.302 main Stop foreground
D/dalvikvm(15753): GC_FOR_ALLOC freed 239K, 3% free 9369K/9644K, paused 18ms, total 18ms
D/libEGL  (15753): loaded /vendor/lib/egl/libEGL_POWERVR_SGX540_120.so
D/libEGL  (15753): loaded /vendor/lib/egl/libGLESv1_CM_POWERVR_SGX540_120.so
D/libEGL  (15753): loaded /vendor/lib/egl/libGLESv2_POWERVR_SGX540_120.so
D/OpenGLRenderer(15753): Enabling debug mode 0
D//SpiceServiceListenerNotifier.java:33(15753): 21:24:37.511 main Message Queue starting
D//SpiceManager.java:1086(15753): 21:24:37.512 main Bound to service : JacksonSpringAndroidSpiceService
D//SpiceManager.java:1243(15753): 21:24:37.514 SpiceManagerThread 0 Bound ok.
W/IInputConnectionWrapper(14226): showStatusIcon on inactive InputConnection
I/ActivityManager(  394): Displayed com.digiburo.mellow.heeler/.app.MainActivity: +748ms
D/dalvikvm(15521): GC_CONCURRENT freed 132K, 2% free 9541K/9732K, paused 3ms+2ms, total 20ms
D/Finsky  (15521): [1] 5.onFinished: Installation state replication succeeded.
D/GCM     (  684): Message class jwi
D/ConnectivityService(  394): handleInetConditionHoldEnd: net=1, condition=100, published condition=100
D/dalvikvm(  633): GC_CONCURRENT freed 420K, 5% free 9256K/9716K, paused 3ms+2ms, total 30ms
V/DigitalWidgetViewsFactory(11317): DigitalWidget sets next alarm string to null
I/ContactAccountLoggerTas(15579): canRun() : Opted Out
I/Velvet.VelvetFactory(15579): refreshing search history.
W/GAV2    (15579): Thread[Thread-2922,5,main]: Need to call initialize() and be in fallback mode to start dispatch.
W/GAV2    (15579): Thread[Thread-2922,5,main]: dispatch call queued.  Need to call GAServiceManager.getInstance().initialize().
I/Search.GservicesUpdateTask(15579): Updating Gservices keys
I/ContactAccountLoggerTas(15579): canRun() : Opted Out
W/LocationOracleImpl(15579): Best location was null
D/dalvikvm(15579): GC_CONCURRENT freed 299K, 5% free 9307K/9708K, paused 4ms+3ms, total 28ms
I/RlzPingService(14364): Setting next ping for 1401132611176
W/GLSUser (  684): GoogleAccountDataService.getToken()
I/ContactAccountLoggerTas(15579): canRun() : Opted Out
D/dalvikvm(  684): GC_CONCURRENT freed 574K, 7% free 10851K/11604K, paused 6ms+8ms, total 60ms
D/dalvikvm(15579): GC_CONCURRENT freed 275K, 4% free 9454K/9832K, paused 1ms+3ms, total 17ms
I/ContactAccountLoggerTas(15579): canRun() : Opted Out
I/ContactAccountLoggerTas(15579): canRun() : Opted Out
W/GLSUser (  684): GoogleAccountDataService.getToken()
W/GLSActivity(  684): [art] Status from wire: NetworkError status: NETWORK_ERROR
I/GLSUser (  684): GLS error: NetworkError doc.squidvicious@gmail.com mobilepersonalfeeds
W/GLSActivity(  684): [art] Status from wire: NetworkError status: NETWORK_ERROR
W/Search.LoginHelper(15579): IO exception for scope: mobilepersonalfeeds
W/Search.LoginHelper(15579): java.io.IOException: NetworkError
W/Search.LoginHelper(15579): 	at aik.a(Unknown Source)
W/Search.LoginHelper(15579): 	at aik.b(Unknown Source)
W/Search.LoginHelper(15579): 	at aik.a(Unknown Source)
W/Search.LoginHelper(15579): 	at bfm.c(PG:26)
W/Search.LoginHelper(15579): 	at bfi.c(PG:90)
W/Search.LoginHelper(15579): 	at bff.c(PG:62)
W/Search.LoginHelper(15579): 	at bfn.P(PG:656)
W/Search.LoginHelper(15579): 	at bfr.call(PG:554)
W/Search.LoginHelper(15579): 	at java.util.concurrent.FutureTask.run(FutureTask.java:234)
W/Search.LoginHelper(15579): 	at java.util.concurrent.Executors$RunnableAdapter.call(Executors.java:390)
W/Search.LoginHelper(15579): 	at java.util.concurrent.FutureTask.run(FutureTask.java:234)
W/Search.LoginHelper(15579): 	at java.util.concurrent.ScheduledThreadPoolExecutor$ScheduledFutureTask.access$201(ScheduledThreadPoolExecutor.java:153)
W/Search.LoginHelper(15579): 	at java.util.concurrent.ScheduledThreadPoolExecutor$ScheduledFutureTask.run(ScheduledThreadPoolExecutor.java:267)
W/Search.LoginHelper(15579): 	at java.util.concurrent.ThreadPoolExecutor.runWorker(ThreadPoolExecutor.java:1080)
W/Search.LoginHelper(15579): 	at java.util.concurrent.ThreadPoolExecutor$Worker.run(ThreadPoolExecutor.java:573)
W/Search.LoginHelper(15579): 	at java.lang.Thread.run(Thread.java:841)
W/Search.LoginHelper(15579): 	at cvx.run(PG:46)
W/GLSUser (  684): GoogleAccountDataService.getToken()
D/dalvikvm(15579): GC_CONCURRENT freed 386K, 5% free 9496K/9984K, paused 3ms+2ms, total 20ms
D/dalvikvm(15579): GC_FOR_ALLOC freed 246K, 6% free 9508K/10092K, paused 20ms, total 21ms
I/ContactAccountLoggerTas(15579): canRun() : Opted Out
D/dalvikvm(15579): GC_FOR_ALLOC freed 316K, 7% free 9510K/10120K, paused 21ms, total 22ms
D/dalvikvm(  684): GC_CONCURRENT freed 650K, 7% free 10835K/11604K, paused 5ms+3ms, total 50ms
W/GLSUser (  684): [asb][asb] Permission for com.google.android.googlequicksearchbox to access mobilepersonalfeeds will be managed locally.
W/GLSUser (  684): GoogleAccountDataService.getToken()
W/GLSUser (  684): GoogleAccountDataService.getToken()
W/GLSUser (  684): [asb][asb] Permission for com.google.android.googlequicksearchbox to access oauth2:https://www.googleapis.com/auth/googlenow will be managed locally.
I/ContactAccountLoggerTas(15579): canRun() : Opted Out
W/GAV2    (15579): Thread[GAThread,5,main]: Service unavailable (code=1), will retry.
I/GAV2    (15579): Thread[GAThread,5,main]: No campaign data found.
W/ActivityManager(  394): Unable to start service Intent { act=com.google.android.gms.analytics.service.START cmp=com.google.android.gms/.analytics.service.AnalyticsService (has extras) } U=0: not found
W/GAV2    (15579): Thread[Service Reconnect,5,main]: Service unavailable (code=1), using local store.
W/ActivityManager(  394): Unable to start service Intent { act=com.google.android.gms.analytics.service.START cmp=com.google.android.gms/.analytics.service.AnalyticsService (has extras) } U=0: not found
D/dalvikvm(  394): GC_CONCURRENT freed 3872K, 37% free 23367K/36536K, paused 6ms+10ms, total 125ms
D/GCM     (  684): Message class jwi
D/ConnectivityService(  394): handleInetConditionHoldEnd: net=1, condition=100, published condition=100
V/BackupManagerService(  394): Running a backup pass
V/BackupManagerService(  394): clearing pending backups
V/PerformBackupTask(  394): Beginning backup of 1 targets
V/BackupServiceBinder(  394): doBackup() invoked
D/PerformBackupTask(  394): invokeAgentForBackup on @pm@
I/PerformBackupTask(  394): no backup data written; not calling transport
D/PerformBackupTask(  394): starting agent for backup of BackupRequest{pkg=android}
D/BackupManagerService(  394): awaiting agent for ApplicationInfo{421e3ec0 android}
D/BackupManagerService(  394): agentConnected pkg=android agent=android.app.backup.BackupAgent$BackupServiceBinder@42980408
I/BackupManagerService(  394): got agent android.app.backup.BackupAgent$BackupServiceBinder@42980408
D/PerformBackupTask(  394): invokeAgentForBackup on android
V/BackupServiceBinder(  394): doBackup() invoked
D/BackupHelperDispatcher(  394): handling existing helper 'wallpaper' android.app.backup.WallpaperBackupHelper@4275a020
I/ActivityManager(  394): Start proc com.google.android.gsf.login for service com.google.android.gsf.login/com.google.android.gsf.loginservice.GoogleLoginService: pid=15799 uid=10010 gids={50010, 3003, 1007, 1028, 1015, 1006, 3002, 3001, 2001, 3006}
D/dalvikvm(15799): GC_CONCURRENT freed 259K, 4% free 9009K/9308K, paused 2ms+2ms, total 21ms
D/BackupManagerService(  394): Now staging backup of android
I/PerformBackupTask(  394): Backup pass finished.
gsc@duckman:2>!adb
adb logcat -c;adb logcat
* daemon not running. starting it now on port 5037 *
* daemon started successfully *
- waiting for device -
--------- beginning of /dev/log/system
I/EntropyMixer(  394): Writing entropy...
W/PowerUI (  515): unknown intent: Intent { act=android.intent.action.ACTION_POWER_CONNECTED flg=0x8000010 }
--------- beginning of /dev/log/main
D/PicasaUploaderSyncManager(16172): battery info: true
D/PicasaSyncManager(16150): battery info: true
D/dalvikvm(16187): GC_CONCURRENT freed 286K, 4% free 9324K/9648K, paused 3ms+2ms, total 20ms
W/GAV2    (16150): Thread[GAThread,5,main]: Service unavailable (code=1), will retry.
W/ActivityManager(  394): Unable to start service Intent { act=com.google.android.gms.analytics.service.START (has extras) } U=0: not found
I/GAV2    (16150): Thread[GAThread,5,main]: No campaign data found.
W/ActivityManager(  394): Unable to start service Intent { act=com.google.android.gms.analytics.service.START cmp=com.google.android.gms/.analytics.service.AnalyticsService (has extras) } U=0: not found
W/GAV2    (16187): Thread[GAThread,5,main]: Service unavailable (code=1), will retry.
I/GAV2    (16187): Thread[GAThread,5,main]: No campaign data found.
W/ActivityManager(  394): Unable to start service Intent { act=com.google.android.gms.analytics.service.START (has extras) } U=0: not found
W/GAV2    (16150): Thread[Service Reconnect,5,main]: Service unavailable (code=1), using local store.
W/GAV2    (16187): Thread[Service Reconnect,5,main]: Service unavailable (code=1), using local store.
W/ActivityManager(  394): Unable to start service Intent { act=com.google.android.gms.analytics.service.START cmp=com.google.android.gms/.analytics.service.AnalyticsService (has extras) } U=0: not found
D/AndroidRuntime(16251): 
D/AndroidRuntime(16251): >>>>>> AndroidRuntime START com.android.internal.os.RuntimeInit <<<<<<
D/AndroidRuntime(16251): CheckJNI is OFF
D/dalvikvm(16251): Trying to load lib libjavacore.so 0x0
D/dalvikvm(16251): Added shared lib libjavacore.so 0x0
D/dalvikvm(16251): Trying to load lib libnativehelper.so 0x0
D/dalvikvm(16251): Added shared lib libnativehelper.so 0x0
D/AndroidRuntime(16251): Calling main entry com.android.commands.pm.Pm
W/ActivityManager(  394): No content provider found for permission revoke: file:///data/local/tmp/app-debug-unaligned.apk
W/ActivityManager(  394): No content provider found for permission revoke: file:///data/local/tmp/app-debug-unaligned.apk
I/PackageManager(  394): Copying native libraries to /data/app-lib/vmdl-554845387
D/dalvikvm(  394): JIT code cache reset in 7 ms (1048532 bytes 40/1)
D/dalvikvm(  394): GC_CONCURRENT freed 3055K, 34% free 24164K/36536K, paused 4ms+16ms, total 100ms
D/dalvikvm(  394): WAIT_FOR_CONCURRENT_GC blocked 77ms
D/dalvikvm(  394): GC_CONCURRENT freed 3790K, 34% free 24204K/36536K, paused 4ms+8ms, total 93ms
D/dalvikvm(  394): WAIT_FOR_CONCURRENT_GC blocked 77ms
W/PackageManager(  394): New package has a different signature: com.digiburo.mellow.heeler
D/dalvikvm(  394): GC_EXPLICIT freed 989K, 34% free 24161K/36536K, paused 3ms+12ms, total 91ms
D/AndroidRuntime(16251): Shutting down VM
D/dalvikvm(16251): GC_CONCURRENT freed 118K, 20% free 488K/608K, paused 1ms+0ms, total 3ms
D/dalvikvm(16251): Compiler shutdown in progress - discarding request
D/dalvikvm(16251): Compiler shutdown in progress - discarding request
D/dalvikvm(16251): Compiler shutdown in progress - discarding request
D/dalvikvm(16251): Compiler shutdown in progress - discarding request
D/dalvikvm(16251): Compiler shutdown in progress - discarding request
D/dalvikvm(16251): Compiler shutdown in progress - discarding request
D/dalvikvm(16251): Compiler shutdown in progress - discarding request
D/dalvikvm(16251): Compiler shutdown in progress - discarding request
D/dalvikvm(16251): Compiler shutdown in progress - discarding request
D/dalvikvm(16251): Compiler shutdown in progress - discarding request
D/dalvikvm(16251): Compiler shutdown in progress - discarding request
D/AndroidRuntime(16268): 
D/AndroidRuntime(16268): >>>>>> AndroidRuntime START com.android.internal.os.RuntimeInit <<<<<<
D/AndroidRuntime(16268): CheckJNI is OFF
D/dalvikvm(16268): Trying to load lib libjavacore.so 0x0
D/dalvikvm(16268): Added shared lib libjavacore.so 0x0
D/dalvikvm(16268): Trying to load lib libnativehelper.so 0x0
D/dalvikvm(16268): Added shared lib libnativehelper.so 0x0
D/AndroidRuntime(16268): Calling main entry com.android.commands.pm.Pm
W/ActivityManager(  394): No content provider found for permission revoke: file:///data/local/tmp/app-debug-test-unaligned.apk
W/ActivityManager(  394): No content provider found for permission revoke: file:///data/local/tmp/app-debug-test-unaligned.apk
I/PackageManager(  394): Copying native libraries to /data/app-lib/vmdl1023065547
I/PackageManager(  394): Running dexopt on: com.digiburo.mellow.heeler.test
D/dalvikvm(16278): DexOpt: load 3ms, verify+opt 0ms, 81204 bytes
I/ActivityManager(  394): Force stopping package com.digiburo.mellow.heeler.test appid=10027 user=-1
I/InputReader(  394): Reconfiguring input devices.  changes=0x00000010
I/Launcher(  651): Deferring update until onResume
I/ActivityManager(  394): Start proc com.android.musicfx for broadcast com.android.musicfx/.Compatibility$Receiver: pid=16282 uid=10038 gids={50038, 3003, 3002, 1028}
D/dalvikvm(16150): GC_CONCURRENT freed 198K, 3% free 9225K/9468K, paused 2ms+2ms, total 40ms
D/BackupManagerService(  394): Received broadcast Intent { act=android.intent.action.PACKAGE_ADDED dat=package:com.digiburo.mellow.heeler.test flg=0x8000010 (has extras) }
I/ActivityManager(  394): Start proc com.android.vending for broadcast com.android.vending/com.google.android.finsky.receivers.PackageMonitorReceiver$RegisteredReceiver: pid=16297 uid=10043 gids={50043, 3003, 1015, 1028}
V/BackupManagerService(  394): addPackageParticipantsLocked: #1
D/Finsky  (16297): [1] FinskyApp.onCreate: Initializing network with DFE https://android.clients.google.com/fdfe/
D/dalvikvm(16297): GC_CONCURRENT freed 236K, 3% free 9029K/9304K, paused 2ms+2ms, total 20ms
D/Finsky  (16297): [1] DailyHygiene.goMakeHygieneIfDirty: No need to run daily hygiene.
D/dalvikvm(16297): GC_CONCURRENT freed 282K, 4% free 9140K/9460K, paused 3ms+3ms, total 18ms
W/Settings(16297): Setting download_manager_max_bytes_over_mobile has moved from android.provider.Settings.Secure to android.provider.Settings.Global.
D/dalvikvm(  394): GC_EXPLICIT freed 1534K, 36% free 23639K/36536K, paused 6ms+19ms, total 428ms
D/AndroidRuntime(16268): Shutting down VM
D/dalvikvm(16268): GC_CONCURRENT freed 91K, 17% free 477K/572K, paused 0ms+0ms, total 2ms
W/Settings(16297): Setting download_manager_recommended_max_bytes_over_mobile has moved from android.provider.Settings.Secure to android.provider.Settings.Global.
D/Finsky  (16297): [1] 2.run: Loaded library for account: [k9MfFkVd0JPMse3A3drgd8BQ9iE]
D/Finsky  (16297): [1] 2.run: Finished loading 1 libraries.
I/InternalIcingCorporaPro(16016): Updating corpora: APPS=com.digiburo.mellow.heeler.test, CONTACTS=MAYBE
D/Finsky  (16297): [1] GmsCoreHelper.cleanupNlp: result=false type=4
D/PackageAddedReceiver(  684): package added com.digiburo.mellow.heeler.test
D/PackageBroadcastService(  840): Received broadcast action=android.intent.action.PACKAGE_ADDED and uri=com.digiburo.mellow.heeler.test
I/ActivityManager(  394): Start proc com.google.android.talk for broadcast com.google.android.talk/com.google.android.apps.babel.phone.PackageReplacedReceiver: pid=16332 uid=10050 gids={50050, 3003, 1015, 1006, 3002, 1028}
D/Finsky  (16297): [1] RestoreTracker.stopServiceIfDone: Restore complete with 0 success and 0 failed.
I/PeopleContactsSync(  840): CP2 sync disabled
D/dalvikvm(16297): GC_CONCURRENT freed 242K, 3% free 9290K/9572K, paused 6ms+38ms, total 75ms
D/dalvikvm(16332): GC_CONCURRENT freed 285K, 4% free 9053K/9384K, paused 2ms+2ms, total 20ms
W/Settings(16332): Setting airplane_mode_on has moved from android.provider.Settings.System to android.provider.Settings.Global, returning read-only value.
D/dalvikvm(  840): GC_FOR_ALLOC freed 384K, 6% free 10506K/11116K, paused 22ms, total 23ms
D/dalvikvm(16332): GC_CONCURRENT freed 405K, 5% free 9046K/9488K, paused 2ms+1ms, total 18ms
D/AndroidRuntime(16361): 
D/AndroidRuntime(16361): >>>>>> AndroidRuntime START com.android.internal.os.RuntimeInit <<<<<<
D/AndroidRuntime(16361): CheckJNI is OFF
D/dalvikvm(16361): Trying to load lib libjavacore.so 0x0
D/dalvikvm(16361): Added shared lib libjavacore.so 0x0
D/dalvikvm(16361): Trying to load lib libnativehelper.so 0x0
D/dalvikvm(16361): Added shared lib libnativehelper.so 0x0
D/AndroidRuntime(16361): Calling main entry com.android.commands.am.Am
D/dalvikvm(16361): Note: class Landroid/app/ActivityManagerNative; has 163 unimplemented (abstract) methods
W/ActivityManager(  394): Permission Denial: starting instrumentation ComponentInfo{com.digiburo.mellow.heeler.test/android.test.InstrumentationTestRunner} from pid=16361, uid=16361 not allowed because package com.digiburo.mellow.heeler.test does not have a signature matching the target com.digiburo.mellow.heeler
I/AndroidRuntime(16361): VM exiting with result code 1.
D/dalvikvm(16016): GC_CONCURRENT freed 770K, 8% free 9825K/10636K, paused 3ms+3ms, total 38ms
I/InternalIcingCorporaPro(16016): UpdateCorporaTask done [took 803 ms] updated apps [took 802 ms] 
D/dalvikvm(  684): GC_EXPLICIT freed 142K, 8% free 10791K/11604K, paused 2ms+3ms, total 144ms
D/AndroidRuntime(16373): 
D/AndroidRuntime(16373): >>>>>> AndroidRuntime START com.android.internal.os.RuntimeInit <<<<<<
D/AndroidRuntime(16373): CheckJNI is OFF
D/dalvikvm(16373): Trying to load lib libjavacore.so 0x0
D/dalvikvm(16373): Added shared lib libjavacore.so 0x0
D/dalvikvm(16373): Trying to load lib libnativehelper.so 0x0
D/dalvikvm(16373): Added shared lib libnativehelper.so 0x0
D/AndroidRuntime(16373): Calling main entry com.android.commands.pm.Pm
I/ActivityManager(  394): Force stopping package com.digiburo.mellow.heeler.test appid=10027 user=-1
W/PackageManager(  394): Couldn't delete native library directory /data/app-lib/com.digiburo.mellow.heeler.test
D/keystore(  130): calling clear_uid in state: 3
I/ActivityManager(  394): Force stopping package com.digiburo.mellow.heeler.test appid=10027 user=0
I/InputReader(  394): Reconfiguring input devices.  changes=0x00000010
E/BinaryDictionaryGetter(  600): Found a cached dictionary file but cannot read or use it
I/LatinIME:LogUtils(  600): Dictionary info: dictionary = ? ; version = 17 ; date = 1340965726
E/BinaryDictionaryGetter(  600): Found a cached dictionary file but cannot read or use it
I/LatinIME:LogUtils(  600): Dictionary info: dictionary = main:en ; version = 44 ; date = 1393228245
I/Launcher(  651): Deferring update until onResume
I/LatinIME:LogUtils(  600): Dictionary info: dictionary = PersonalizationDictionary.en_US ; version = 1400809146 ; date = 1401052734
W/GeofencerStateMachine(  614): Ignoring removeGeofence because network location is disabled.
D/BackupManagerService(  394): Received broadcast Intent { act=android.intent.action.PACKAGE_REMOVED dat=package:com.digiburo.mellow.heeler.test flg=0x8000010 (has extras) }
D/VoicemailCleanupService(16071): Cleaning up data for package: com.digiburo.mellow.heeler.test
V/BackupManagerService(  394): removePackageParticipantsLocked: uid=10027 #1
I/Launcher(  651): Deferring update until onResume
I/ActivityManager(  394): Start proc com.android.keychain for broadcast com.android.keychain/.KeyChainBroadcastReceiver: pid=16388 uid=1000 gids={41000, 1015, 1028, 3002, 3001, 3003, 3007}
D/dalvikvm(  840): GC_CONCURRENT freed 437K, 6% free 10493K/11116K, paused 3ms+2ms, total 27ms
W/ContextImpl(16388): Calling a method in the system process without a qualified user: android.app.ContextImpl.startService:1385 android.content.ContextWrapper.startService:473 android.content.ContextWrapper.startService:473 com.android.keychain.KeyChainBroadcastReceiver.onReceive:12 android.app.ActivityThread.handleReceiver:2424 
I/LatinIME:LogUtils(  600): Dictionary info: dictionary = PersonalizationDictionary.en_US ; version = 1400809146 ; date = 1401052734
I/dalvikvm(15988): Could not find method android.app.AppOpsManager.checkPackage, referenced from method buw.a
D/PackageBroadcastService(  840): Received broadcast action=android.intent.action.PACKAGE_REMOVED and uri=com.digiburo.mellow.heeler.test
W/dalvikvm(15988): VFY: unable to resolve virtual method 1296: Landroid/app/AppOpsManager;.checkPackage (ILjava/lang/String;)V
D/dalvikvm(15988): VFY: replacing opcode 0x6e at 0x0010
I/InternalIcingCorporaPro(16016): Updating corpora: APPS=com.digiburo.mellow.heeler.test, CONTACTS=MAYBE
I/PeopleContactsSync(  840): CP2 sync disabled
I/Icing   (  840): doRemovePackageData com.digiburo.mellow.heeler.test
D/Drive.UninstallOperation(15988): Uninstall com.digiburo.mellow.heeler.test
D/DatabaseModelLoader(15988): Uninstalled com.digiburo.mellow.heeler.test
I/InternalIcingCorporaPro(16016): UpdateCorporaTask done [took 88 ms] updated apps [took 88 ms] 
D/dalvikvm(  394): GC_EXPLICIT freed 2436K, 36% free 23661K/36536K, paused 3ms+13ms, total 392ms
D/AndroidRuntime(16373): Shutting down VM
D/dalvikvm(16373): GC_CONCURRENT freed 90K, 17% free 474K/568K, paused 1ms+1ms, total 3ms
D/dalvikvm(16071): GC_CONCURRENT freed 376K, 5% free 9350K/9764K, paused 3ms+3ms, total 26ms
D/AndroidRuntime(16411): 
D/AndroidRuntime(16411): >>>>>> AndroidRuntime START com.android.internal.os.RuntimeInit <<<<<<
D/AndroidRuntime(16411): CheckJNI is OFF
D/dalvikvm(16411): Trying to load lib libjavacore.so 0x0
D/dalvikvm(16411): Added shared lib libjavacore.so 0x0
D/dalvikvm(16411): Trying to load lib libnativehelper.so 0x0
D/dalvikvm(16411): Added shared lib libnativehelper.so 0x0
D/AndroidRuntime(16411): Calling main entry com.android.commands.pm.Pm
I/ActivityManager(  394): Force stopping package com.digiburo.mellow.heeler appid=10002 user=-1
I/ActivityManager(  394): Killing proc 15753:com.digiburo.mellow.heeler/u0a10002: force stop com.digiburo.mellow.heeler
W/ActivityManager(  394): Scheduling restart of crashed service com.digiburo.mellow.heeler/com.octo.android.robospice.JacksonSpringAndroidSpiceService in 5000ms
I/ActivityManager(  394):   Force stopping service ServiceRecord{42999538 u0 com.digiburo.mellow.heeler/com.octo.android.robospice.JacksonSpringAndroidSpiceService}
W/PackageManager(  394): Couldn't delete native library directory /data/app-lib/com.digiburo.mellow.heeler
I/PackageManager(  394): Removing old permission: com.digiburo.example.wxtrax.permission.MAPS_RECEIVE from package com.digiburo.mellow.heeler
W/PackageManager(  394): Not granting permission android.permission.SEND_DOWNLOAD_COMPLETED_INTENTS to package com.google.android.browser (protectionLevel=2 flags=0x89be45)
W/PackageManager(  394): Unknown permission android.permission.ADD_SYSTEM_SERVICE in package com.android.phone
W/PackageManager(  394): Unknown permission com.android.smspush.WAPPUSH_MANAGER_BIND in package com.android.phone
W/PackageManager(  394): Unknown permission com.android.nfc.permission.NFCEE_ADMIN in package com.google.android.apps.walletnfcrel
W/PackageManager(  394): Unknown permission com.android.vending.billing.IBillingAccountService.BIND2 in package com.google.android.gsf.login
W/PackageManager(  394): Unknown permission com.android.chrome.TOS_ACKED in package com.google.android.gsf.login
W/PackageManager(  394): Unknown permission com.android.gallery3d.permission.GALLERY_PROVIDER in package com.android.bluetooth
W/PackageManager(  394): Not granting permission android.permission.DEVICE_POWER to package com.google.android.deskclock (protectionLevel=2 flags=0xc8be45)
W/PackageManager(  394): Unknown permission android.permission.RECOVERY in package com.google.android.gms
W/PackageManager(  394): Not granting permission android.permission.READ_DREAM_STATE to package com.google.android.gms (protectionLevel=2 flags=0xc83ec5)
W/PackageManager(  394): Not granting permission android.permission.GET_APP_OPS_STATS to package com.google.android.gms (protectionLevel=50 flags=0xc83ec5)
W/PackageManager(  394): Not granting permission android.permission.UPDATE_APP_OPS_STATS to package com.google.android.gms (protectionLevel=18 flags=0xc83ec5)
W/PackageManager(  394): Unknown permission android.permission.CAPTURE_AUDIO_HOTWORD in package com.google.android.gms
W/PackageManager(  394): Unknown permission android.permission.ACCESS_NETWORK_CONDITIONS in package com.google.android.gms
W/PackageManager(  394): Unknown permission android.permission.MANAGE_DEVICE_ADMINS in package com.google.android.gms
W/PackageManager(  394): Not granting permission android.permission.MODIFY_PHONE_STATE to package com.google.android.gms (protectionLevel=18 flags=0xc83ec5)
W/PackageManager(  394): Not granting permission android.permission.MANAGE_USB to package com.google.android.gms (protectionLevel=18 flags=0xc83ec5)
W/PackageManager(  394): Not granting permission android.permission.CALL_PRIVILEGED to package com.google.android.gms (protectionLevel=18 flags=0xc83ec5)
W/PackageManager(  394): Unknown permission android.permission.BLUETOOTH_PRIVILEGED in package com.google.android.gms
W/PackageManager(  394): Unknown permission android.permission.CAPTURE_AUDIO_OUTPUT in package com.google.android.gms
W/PackageManager(  394): Unknown permission android.permission.CAPTURE_VIDEO_OUTPUT in package com.google.android.gms
W/PackageManager(  394): Unknown permission android.permission.CAPTURE_SECURE_VIDEO_OUTPUT in package com.google.android.gms
W/PackageManager(  394): Not granting permission android.permission.READ_FRAME_BUFFER to package com.google.android.gms (protectionLevel=18 flags=0xc83ec5)
W/PackageManager(  394): Unknown permission com.google.android.wearable.READ_SETTINGS in package com.google.android.gms
W/PackageManager(  394): Unknown permission android.permission.READ_OWNER_DATA in package com.google.android.setupwizard
W/PackageManager(  394): Unknown permission android.permission.WRITE_OWNER_DATA in package com.google.android.setupwizard
W/PackageManager(  394): Unknown permission android.permission.MEDIA_CONTENT_CONTROL in package com.google.android.googlequicksearchbox
W/PackageManager(  394): Unknown permission com.google.android.apps.googlevoice.permission.AUTO_SEND in package com.google.android.googlequicksearchbox
W/PackageManager(  394): Unknown permission com.android.chrome.PRERENDER_URL in package com.google.android.googlequicksearchbox
W/PackageManager(  394): Unknown permission android.permission.CAPTURE_AUDIO_HOTWORD in package com.google.android.googlequicksearchbox
W/PackageManager(  394): Not granting permission android.permission.STOP_APP_SWITCHES to package com.google.android.googlequicksearchbox (protectionLevel=18 flags=0xdbbec5)
W/PackageManager(  394): Not granting permission android.permission.STATUS_BAR to package com.google.android.googlequicksearchbox (protectionLevel=18 flags=0xdbbec5)
W/PackageManager(  394): Unknown permission com.google.android.launcher.permission.CONTENT_REDIRECT in package com.google.android.googlequicksearchbox
W/PackageManager(  394): Not granting permission android.permission.BIND_APPWIDGET to package com.google.android.googlequicksearchbox (protectionLevel=18 flags=0xdbbec5)
W/PackageManager(  394): Not granting permission android.permission.SEND_DOWNLOAD_COMPLETED_INTENTS to package com.android.vending (protectionLevel=2 flags=0x8abec5)
W/PackageManager(  394): Not granting permission android.permission.WRITE_SECURE_SETTINGS to package com.android.vending (protectionLevel=50 flags=0x8abec5)
W/PackageManager(  394): Unknown permission android.permission.MANAGE_DOCUMENTS in package com.google.android.youtube
W/PackageManager(  394): Not granting permission android.permission.READ_DREAM_STATE to package com.google.android.gsf (protectionLevel=2 flags=0x883e45)
D/keystore(  130): calling clear_uid in state: 3
I/ActivityManager(  394): Force stopping package com.digiburo.mellow.heeler appid=10002 user=0
D/dalvikvm(  651): GC_EXPLICIT freed 1050K, 31% free 16664K/23820K, paused 2ms+6ms, total 44ms
D/dalvikvm(14226): GC_EXPLICIT freed 339K, 5% free 15284K/15980K, paused 2ms+7ms, total 47ms
I/InputReader(  394): Reconfiguring input devices.  changes=0x00000010
E/BinaryDictionaryGetter(  600): Found a cached dictionary file but cannot read or use it
I/LatinIME:LogUtils(  600): Dictionary info: dictionary = ? ; version = 17 ; date = 1340965726
E/BinaryDictionaryGetter(  600): Found a cached dictionary file but cannot read or use it
I/LatinIME:LogUtils(  600): Dictionary info: dictionary = main:en ; version = 44 ; date = 1393228245
I/Launcher(  651): Deferring update until onResume
D/VoicemailCleanupService(16071): Cleaning up data for package: com.digiburo.mellow.heeler
W/GeofencerStateMachine(  614): Ignoring removeGeofence because network location is disabled.
W/ContextImpl(16388): Calling a method in the system process without a qualified user: android.app.ContextImpl.startService:1385 android.content.ContextWrapper.startService:473 android.content.ContextWrapper.startService:473 com.android.keychain.KeyChainBroadcastReceiver.onReceive:12 android.app.ActivityThread.handleReceiver:2424 
D/dalvikvm(  647): GC_CONCURRENT freed 437K, 5% free 9129K/9604K, paused 5ms+2ms, total 21ms
I/Launcher(  651): Deferring update until onResume
D/BackupManagerService(  394): Received broadcast Intent { act=android.intent.action.PACKAGE_REMOVED dat=package:com.digiburo.mellow.heeler flg=0x8000010 (has extras) }
V/BackupManagerService(  394): removePackageParticipantsLocked: uid=10002 #1
I/LatinIME:LogUtils(  600): Dictionary info: dictionary = PersonalizationDictionary.en_US ; version = 1400809146 ; date = 1401052736
I/InternalIcingCorporaPro(16016): Updating corpora: APPS=com.digiburo.mellow.heeler, CONTACTS=MAYBE
D/PackageBroadcastService(  840): Received broadcast action=android.intent.action.PACKAGE_REMOVED and uri=com.digiburo.mellow.heeler
D/Drive.UninstallOperation(15988): Uninstall com.digiburo.mellow.heeler
I/PeopleContactsSync(  840): CP2 sync disabled
D/DatabaseModelLoader(15988): Uninstalled com.digiburo.mellow.heeler
I/Icing   (  840): doRemovePackageData com.digiburo.mellow.heeler
I/LatinIME:LogUtils(  600): Dictionary info: dictionary = PersonalizationDictionary.en_US ; version = 1400809146 ; date = 1401052736
D/dalvikvm(  394): GC_EXPLICIT freed 2261K, 36% free 23711K/36536K, paused 3ms+14ms, total 344ms
D/AndroidRuntime(16411): Shutting down VM
D/dalvikvm(16411): GC_CONCURRENT freed 90K, 17% free 474K/568K, paused 0ms+0ms, total 2ms
I/InternalIcingCorporaPro(16016): UpdateCorporaTask done [took 273 ms] updated apps [took 273 ms] 
I/Icing   (  840): Indexing C2C166AFE37FFE9CEE82F64D54BCB8EB8115FDDA from com.google.android.googlequicksearchbox
W/ActivityManager(  394): Permission denied: checkComponentPermission() owningUid=10023
W/ActivityManager(  394): Permission denied: checkComponentPermission() owningUid=10023
D/dalvikvm(  840): GC_CONCURRENT freed 404K, 6% free 10513K/11116K, paused 3ms+4ms, total 37ms
W/ActivityManager(  394): Permission denied: checkComponentPermission() owningUid=10023
W/ActivityManager(  394): Permission denied: checkComponentPermission() owningUid=10023
D/dalvikvm(16016): GC_CONCURRENT freed 527K, 9% free 9705K/10636K, paused 3ms+3ms, total 39ms
W/ActivityManager(  394): Permission denied: checkComponentPermission() owningUid=10023
W/ActivityManager(  394): Permission denied: checkComponentPermission() owningUid=10023
W/ActivityManager(  394): Permission denied: checkComponentPermission() owningUid=10023
W/ActivityManager(  394): Permission denied: checkComponentPermission() owningUid=10023
I/Icing   (  840): Indexing done C2C166AFE37FFE9CEE82F64D54BCB8EB8115FDDA
D/dalvikvm(16297): GC_CONCURRENT freed 161K, 3% free 9541K/9744K, paused 3ms+2ms, total 22ms
D/Finsky  (16297): [1] 5.onFinished: Installation state replication succeeded.
D/AndroidRuntime(16442): 
D/AndroidRuntime(16442): >>>>>> AndroidRuntime START com.android.internal.os.RuntimeInit <<<<<<
D/AndroidRuntime(16442): CheckJNI is OFF
D/dalvikvm(16442): Trying to load lib libjavacore.so 0x0
D/dalvikvm(16442): Added shared lib libjavacore.so 0x0
D/dalvikvm(16442): Trying to load lib libnativehelper.so 0x0
D/dalvikvm(16442): Added shared lib libnativehelper.so 0x0
D/AndroidRuntime(16442): Calling main entry com.android.commands.pm.Pm
W/ActivityManager(  394): No content provider found for permission revoke: file:///data/local/tmp/heelerlib-debug-test-unaligned.apk
W/ActivityManager(  394): No content provider found for permission revoke: file:///data/local/tmp/heelerlib-debug-test-unaligned.apk
I/PackageManager(  394): Copying native libraries to /data/app-lib/vmdl-1144409282
D/dalvikvm(  394): GC_CONCURRENT freed 3330K, 35% free 24094K/36536K, paused 3ms+8ms, total 88ms
D/dalvikvm(  394): WAIT_FOR_CONCURRENT_GC blocked 80ms
I/PackageManager(  394): Running dexopt on: com.digiburo.mellow.heeler.lib.test
D/dalvikvm(16453): DexOpt: load 233ms, verify+opt 947ms, 2873420 bytes
I/ActivityManager(  394): Force stopping package com.digiburo.mellow.heeler.lib.test appid=10002 user=-1
I/InputReader(  394): Reconfiguring input devices.  changes=0x00000010
I/Launcher(  651): Deferring update until onResume
I/InternalIcingCorporaPro(16016): Updating corpora: APPS=com.digiburo.mellow.heeler.lib.test, CONTACTS=MAYBE
D/BackupManagerService(  394): Received broadcast Intent { act=android.intent.action.PACKAGE_ADDED dat=package:com.digiburo.mellow.heeler.lib.test flg=0x8000010 (has extras) }
V/BackupManagerService(  394): addPackageParticipantsLocked: #1
D/PackageAddedReceiver(  684): package added com.digiburo.mellow.heeler.lib.test
D/PackageBroadcastService(  840): Received broadcast action=android.intent.action.PACKAGE_ADDED and uri=com.digiburo.mellow.heeler.lib.test
I/PeopleContactsSync(  840): CP2 sync disabled
I/InternalIcingCorporaPro(16016): UpdateCorporaTask done [took 61 ms] updated apps [took 60 ms] 
D/dalvikvm(  394): GC_EXPLICIT freed 2026K, 34% free 24146K/36536K, paused 9ms+15ms, total 334ms
D/AndroidRuntime(16442): Shutting down VM
D/dalvikvm(16442): GC_CONCURRENT freed 91K, 17% free 477K/572K, paused 1ms+1ms, total 3ms
D/AndroidRuntime(16467): 
D/AndroidRuntime(16467): >>>>>> AndroidRuntime START com.android.internal.os.RuntimeInit <<<<<<
D/AndroidRuntime(16467): CheckJNI is OFF
D/dalvikvm(16467): Trying to load lib libjavacore.so 0x0
D/dalvikvm(16467): Added shared lib libjavacore.so 0x0
D/dalvikvm(16467): Trying to load lib libnativehelper.so 0x0
D/dalvikvm(16467): Added shared lib libnativehelper.so 0x0
D/dalvikvm(16071): GC_CONCURRENT freed 398K, 5% free 9362K/9800K, paused 2ms+6ms, total 23ms
D/AndroidRuntime(16467): Calling main entry com.android.commands.am.Am
D/dalvikvm(16467): Note: class Landroid/app/ActivityManagerNative; has 163 unimplemented (abstract) methods
I/ActivityManager(  394): Force stopping package com.digiburo.mellow.heeler.lib.test appid=10002 user=0
D/dalvikvm(16478): Late-enabling CheckJNI
I/ActivityManager(  394): Start proc com.digiburo.mellow.heeler.lib.test for added application com.digiburo.mellow.heeler.lib.test: pid=16478 uid=10002 gids={50002, 3003, 1028}
D/dalvikvm(  125): GC_EXPLICIT freed 40K, 1% free 8863K/8944K, paused 2ms+2ms, total 32ms
D/dalvikvm(  125): GC_EXPLICIT freed <1K, 1% free 8863K/8944K, paused 1ms+3ms, total 19ms
D/dalvikvm(  125): GC_EXPLICIT freed <1K, 1% free 8863K/8944K, paused 6ms+2ms, total 22ms
D/dalvikvm(16478): GC_CONCURRENT freed 76K, 2% free 9291K/9404K, paused 2ms+2ms, total 18ms
D/dalvikvm(16478): GC_CONCURRENT freed 465K, 6% free 9338K/9840K, paused 2ms+2ms, total 20ms
D/dalvikvm(16478): WAIT_FOR_CONCURRENT_GC blocked 6ms
D/dalvikvm(16478): GC_CONCURRENT freed 493K, 6% free 9357K/9888K, paused 1ms+1ms, total 14ms
D/dalvikvm(16478): WAIT_FOR_CONCURRENT_GC blocked 4ms
D/dalvikvm(16478): GC_CONCURRENT freed 413K, 5% free 9453K/9904K, paused 1ms+1ms, total 14ms
D/dalvikvm(16478): WAIT_FOR_CONCURRENT_GC blocked 4ms
D/dalvikvm(16478): GC_CONCURRENT freed 822K, 9% free 9140K/10000K, paused 1ms+1ms, total 14ms
D/dalvikvm(16478): WAIT_FOR_CONCURRENT_GC blocked 9ms
D/dalvikvm(16478): GC_CONCURRENT freed 451K, 8% free 9201K/10000K, paused 2ms+1ms, total 14ms
D/dalvikvm(16478): WAIT_FOR_CONCURRENT_GC blocked 3ms
D/dalvikvm(16478): GC_CONCURRENT freed 410K, 7% free 9302K/10000K, paused 2ms+1ms, total 14ms
D/dalvikvm(16478): WAIT_FOR_CONCURRENT_GC blocked 5ms
D/dalvikvm(16478): GC_CONCURRENT freed 425K, 7% free 9388K/10000K, paused 2ms+1ms, total 16ms
D/dalvikvm(16478): WAIT_FOR_CONCURRENT_GC blocked 4ms
D/dalvikvm(16478): GC_CONCURRENT freed 824K, 10% free 9075K/10000K, paused 2ms+1ms, total 14ms
D/dalvikvm(16478): WAIT_FOR_CONCURRENT_GC blocked 10ms
D/dalvikvm(16478): GC_CONCURRENT freed 412K, 9% free 9174K/10000K, paused 2ms+1ms, total 14ms
D/dalvikvm(16478): WAIT_FOR_CONCURRENT_GC blocked 5ms
D/dalvikvm(16478): GC_CONCURRENT freed 413K, 8% free 9273K/10000K, paused 2ms+2ms, total 17ms
D/dalvikvm(16478): WAIT_FOR_CONCURRENT_GC blocked 7ms
D/dalvikvm(16478): GC_CONCURRENT freed 411K, 7% free 9359K/10000K, paused 2ms+3ms, total 16ms
D/dalvikvm(16478): GC_CONCURRENT freed 415K, 6% free 9455K/10000K, paused 1ms+2ms, total 14ms
D/dalvikvm(16478): WAIT_FOR_CONCURRENT_GC blocked 4ms
D/dalvikvm(16478): GC_CONCURRENT freed 825K, 10% free 9099K/10000K, paused 2ms+1ms, total 15ms
D/dalvikvm(16478): GC_CONCURRENT freed 411K, 9% free 9199K/10000K, paused 1ms+2ms, total 14ms
D/dalvikvm(16478): WAIT_FOR_CONCURRENT_GC blocked 10ms
D/dalvikvm(16478): GC_CONCURRENT freed 415K, 8% free 9296K/10000K, paused 2ms+2ms, total 14ms
D/dalvikvm(16478): WAIT_FOR_CONCURRENT_GC blocked 10ms
D/dalvikvm(16478): GC_CONCURRENT freed 411K, 7% free 9363K/10000K, paused 3ms+1ms, total 23ms
D/dalvikvm(16478): GC_CONCURRENT freed 418K, 7% free 9364K/10000K, paused 2ms+8ms, total 22ms
D/dalvikvm(16478): GC_CONCURRENT freed 415K, 6% free 9460K/10000K, paused 1ms+2ms, total 15ms
D/dalvikvm(16478): WAIT_FOR_CONCURRENT_GC blocked 4ms
D/dalvikvm(16478): GC_CONCURRENT freed 824K, 9% free 9145K/10008K, paused 2ms+1ms, total 15ms
D/dalvikvm(16478): WAIT_FOR_CONCURRENT_GC blocked 10ms
D/dalvikvm(16478): GC_CONCURRENT freed 418K, 8% free 9239K/10008K, paused 2ms+1ms, total 18ms
D/dalvikvm(16478): WAIT_FOR_CONCURRENT_GC blocked 9ms
D/dalvikvm(16478): GC_CONCURRENT freed 412K, 7% free 9338K/10008K, paused 1ms+2ms, total 14ms
D/dalvikvm(16478): WAIT_FOR_CONCURRENT_GC blocked 10ms
D/dalvikvm(16478): GC_CONCURRENT freed 414K, 7% free 9368K/10008K, paused 2ms+2ms, total 15ms
D/dalvikvm(16478): GC_CONCURRENT freed 415K, 6% free 9464K/10008K, paused 1ms+2ms, total 14ms
D/dalvikvm(16478): WAIT_FOR_CONCURRENT_GC blocked 3ms
D/dalvikvm(16478): GC_CONCURRENT freed 824K, 7% free 9372K/10008K, paused 2ms+1ms, total 23ms
D/dalvikvm(16478): GC_CONCURRENT freed 427K, 7% free 9374K/10008K, paused 3ms+2ms, total 24ms
D/dalvikvm(16478): GC_CONCURRENT freed 411K, 7% free 9381K/10008K, paused 3ms+3ms, total 24ms
D/dalvikvm(16478): GC_CONCURRENT freed 448K, 7% free 9385K/10008K, paused 2ms+2ms, total 24ms
D/dalvikvm(16478): GC_CONCURRENT freed 409K, 7% free 9389K/10008K, paused 2ms+1ms, total 15ms
D/dalvikvm(16478): GC_CONCURRENT freed 431K, 6% free 9469K/10008K, paused 1ms+2ms, total 14ms
D/dalvikvm(16478): WAIT_FOR_CONCURRENT_GC blocked 3ms
D/dalvikvm(16478): GC_CONCURRENT freed 845K, 9% free 9135K/10020K, paused 2ms+1ms, total 15ms
D/dalvikvm(16478): WAIT_FOR_CONCURRENT_GC blocked 10ms
D/dalvikvm(16478): GC_CONCURRENT freed 411K, 8% free 9235K/10020K, paused 1ms+1ms, total 13ms
D/dalvikvm(16478): WAIT_FOR_CONCURRENT_GC blocked 10ms
D/dalvikvm(16478): GC_CONCURRENT freed 428K, 7% free 9319K/10020K, paused 3ms+2ms, total 18ms
D/dalvikvm(16478): WAIT_FOR_CONCURRENT_GC blocked 6ms
D/dalvikvm(16478): GC_CONCURRENT freed 414K, 7% free 9416K/10020K, paused 1ms+1ms, total 15ms
D/dalvikvm(16478): WAIT_FOR_CONCURRENT_GC blocked 5ms
D/dalvikvm(16478): GC_CONCURRENT freed 414K, 6% free 9514K/10020K, paused 2ms+2ms, total 15ms
D/dalvikvm(16478): WAIT_FOR_CONCURRENT_GC blocked 4ms
D/dalvikvm(16478): GC_CONCURRENT freed 829K, 9% free 9195K/10064K, paused 1ms+2ms, total 14ms
D/dalvikvm(16478): WAIT_FOR_CONCURRENT_GC blocked 10ms
D/dalvikvm(16478): GC_CONCURRENT freed 410K, 8% free 9296K/10064K, paused 1ms+2ms, total 14ms
D/dalvikvm(16478): WAIT_FOR_CONCURRENT_GC blocked 10ms
D/dalvikvm(16478): GC_CONCURRENT freed 438K, 7% free 9370K/10064K, paused 3ms+3ms, total 23ms
D/dalvikvm(16478): WAIT_FOR_CONCURRENT_GC blocked 14ms
D/dalvikvm(16478): GC_CONCURRENT freed 414K, 7% free 9417K/10064K, paused 3ms+8ms, total 33ms
D/dalvikvm(16478): GC_CONCURRENT freed 427K, 6% free 9501K/10064K, paused 2ms+3ms, total 37ms
D/dalvikvm(16478): WAIT_FOR_CONCURRENT_GC blocked 27ms
D/dalvikvm(16478): GC_CONCURRENT freed 825K, 9% free 9188K/10064K, paused 2ms+3ms, total 24ms
D/dalvikvm(16478): WAIT_FOR_CONCURRENT_GC blocked 17ms
D/dalvikvm(16478): GC_CONCURRENT freed 412K, 9% free 9256K/10064K, paused 2ms+2ms, total 27ms
D/dalvikvm(16478): GC_CONCURRENT freed 416K, 8% free 9351K/10064K, paused 3ms+2ms, total 19ms
D/dalvikvm(16478): WAIT_FOR_CONCURRENT_GC blocked 8ms
