Script started on Sun May 25 11:44:51 2014
[?1034hgsc@duckman:1>adb logcat -c;adb logcat
--------- beginning of /dev/log/main
I/com.digiburo.mellow.heeler.app.MainActivity(15344): toggle:true
I/com.digiburo.mellow.heeler.app.MainActivity(15344): start collection
D/com.digiburo.mellow.heeler.lib.SortieController(15344): startSortie
D/com.digiburo.mellow.heeler.lib.service.LocationService(15344): xxx xxx onCreate xxx xxx 
D/com.digiburo.mellow.heeler.lib.service.LocationService(15344): distance:10
D/GpsLocationProvider(  394): NTP server returned: 1400972400258 (Sun May 25 01:00:00 CEST 2014) reference: 261460652 certainty: 136 system time offset: -71096359
D/dalvikvm(  515): GC_CONCURRENT freed 1727K, 33% free 14402K/21476K, paused 6ms+6ms, total 51ms
D/com.digiburo.mellow.heeler.lib.service.ScanReceiver(15344): xxx xxx onReceive xxx xxx:INTENT_ACTION_ALARM
D/com.digiburo.mellow.heeler.lib.service.ScanReceiver(15344): start wifi scan
I/com.digiburo.mellow.heeler.app.ConsoleFragment(15344): onReceive noted
D/com.digiburo.mellow.heeler.app.ConsoleFragment(15344): start collection true
I/com.digiburo.mellow.heeler.app.ConsoleFragment(15344): onReceive noted
I/LatinIME:LogUtils(  600): Dictionary info: dictionary = contacts.en_US ; version = 1400778077 ; date = 1400778077
D/dalvikvm(12951): GC_CONCURRENT freed 836K, 8% free 11400K/12276K, paused 2ms+4ms, total 44ms
D/dalvikvm(12951): WAIT_FOR_CONCURRENT_GC blocked 8ms
D/Finsky  (12951): [1] 5.onFinished: Installation state replication succeeded.
D/com.digiburo.mellow.heeler.lib.service.ScanReceiver(15344): xxx xxx onReceive xxx xxx:android.net.wifi.SCAN_RESULTS
D/com.digiburo.mellow.heeler.lib.service.ScanReceiver(15344): broadcast scan update
I/com.digiburo.mellow.heeler.app.ConsoleFragment(15344): onReceive noted
V/DigitalWidgetViewsFactory(11317): DigitalWidget sets next alarm string to null
D/com.digiburo.mellow.heeler.lib.service.LocationService(15344): xxx xxx Location Change:Location[gps 40.417455,-122.240431 acc=10 et=+3d20h22m48s188ms alt=114.20001220703125 vel=0.31275 bear=4.0 {Bundle[mParcelledData.dataSize=44]}]
I/com.digiburo.mellow.heeler.app.ConsoleFragment(15344): onReceive noted
I/com.digiburo.mellow.heeler.app.MainActivity(15344): stop collection
D/com.digiburo.mellow.heeler.lib.SortieController(15344): stopSortie
--------- beginning of /dev/log/system
I/ActivityManager(  394): START u0 {act=INTENT_ACTION_UPLOAD cmp=com.digiburo.mellow.heeler/.app.MenuActivity} from pid 15344
W/InputEventReceiver(15344): Attempted to finish an input event but the input event receiver has already been disposed.
D/com.digiburo.mellow.heeler.lib.service.LocationService(15344): xxx xxx onDestroy xxx xxx 
I/com.digiburo.mellow.heeler.app.ConsoleFragment(15344): onReceive noted
D/com.digiburo.mellow.heeler.app.ConsoleFragment(15344): start collection false
W/InputMethodManagerService(  394): Focus gain on non-focused client com.android.internal.view.IInputMethodClient$Stub$Proxy@429fdc68 (uid=10002 pid=15344)
D/dalvikvm(15344): GC_FOR_ALLOC freed 271K, 4% free 9633K/9940K, paused 26ms, total 26ms
D/com.digiburo.mellow.heeler.lib.UploadController(15344): uploadAll
D/com.digiburo.mellow.heeler.lib.network.RemoteConfigurationWriter(15344): remote configuration read
D//SpiceManager.java:483(15344): 20:45:21.680 main adding request to request queue
D//SpiceManager.java:281(15344): 20:45:21.684 SpiceManagerThread 0 Sending request to service : CachedSpiceRequest
D//RequestProcessor.java:66(15344): 20:45:21.688 SpiceManagerThread 0 Adding request to queue 1109495520: CachedSpiceRequest [requestCacheKey=20140525T184521UTC(0,144,0,0,1401043521), cacheDuration=-1, spiceRequest=com.digiburo.mellow.heeler.lib.network.RemoteConfigurationRequest@421dc970] size is 0
D//RequestProcessor.java:85(15344): 20:45:21.693 SpiceManagerThread 0 Adding entry for type class com.digiburo.mellow.heeler.lib.network.RemoteConfigurationResponse and cacheKey 20140525T184521UTC(0,144,0,0,1401043521).
D//RequestProgressManager.java:61(15344): 20:45:21.696 SpiceManagerThread 0 Request was added to queue.
D//SpiceServiceListenerNotifier.java:146(15344): 20:45:21.701 SpiceManagerThread 0 Message queue is Handler (android.os.Handler) {42216e90}
D//RequestProgressManager.java:82(15344): 20:45:21.704 SpiceManagerThread 0 Sending progress PENDING
D//SpiceServiceListenerNotifier.java:146(15344): 20:45:21.707 SpiceManagerThread 0 Message queue is Handler (android.os.Handler) {42216e90}
V//SpiceService.java:442(15344): 20:45:21.712 SpiceManagerThread 0 Pending requests : 1
D//DefaultRequestRunner.java:83(15344): 20:45:21.715 Thread-2890 Processing request : CachedSpiceRequest [requestCacheKey=20140525T184521UTC(0,144,0,0,1401043521), cacheDuration=-1, spiceRequest=com.digiburo.mellow.heeler.lib.network.RemoteConfigurationRequest@421dc970]
D//DefaultRequestRunner.java:129(15344): 20:45:21.718 Thread-2890 Cache content not available or expired or disabled
V//SpiceService.java:444(15344): 20:45:21.724 SpiceManagerThread 0 Stop foreground
D//DefaultRequestRunner.java:147(15344): 20:45:21.728 Thread-2890 Calling netwok request.
D//RequestProgressManager.java:82(15344): 20:45:21.732 Thread-2890 Sending progress LOADING_FROM_NETWORK
D//SpiceServiceListenerNotifier.java:146(15344): 20:45:21.735 Thread-2890 Message queue is Handler (android.os.Handler) {42216e90}
D//SpiceServiceListenerNotifier.java:175(15344): 20:45:21.753 main Processing request added: CachedSpiceRequest [requestCacheKey=20140525T184521UTC(0,144,0,0,1401043521), cacheDuration=-1, spiceRequest=com.digiburo.mellow.heeler.lib.network.RemoteConfigurationRequest@421dc970]
V//DefaultRequestListenerNotifier.java:131(15344): 20:45:21.754 main Notifying 1 listeners of progress com.octo.android.robospice.request.listener.RequestProgress@421dc9a8
V//DefaultRequestListenerNotifier.java:131(15344): 20:45:21.758 main Notifying 1 listeners of progress com.octo.android.robospice.request.listener.RequestProgress@4222ce90
I/ActivityManager(  394): Displayed com.digiburo.mellow.heeler/.app.MenuActivity: +294ms
D/dalvikvm(15344): GC_FOR_ALLOC freed 479K, 6% free 9669K/10184K, paused 19ms, total 19ms
W/SQLiteConnectionPool(15344): A SQLiteConnection object for database '/storage/emulated/0/Android/data/com.digiburo.mellow.heeler/files/heeler.db' was leaked!  Please fix your application to end transactions in progress properly and to close the database when it is no longer needed.
D//DefaultRequestRunner.java:150(15344): 20:45:22.281 Thread-2890 Network request call ended.
D//DefaultRequestRunner.java:170(15344): 20:45:22.283 Thread-2890 Start caching content...
D//RequestProgressManager.java:82(15344): 20:45:22.289 Thread-2890 Sending progress WRITING_TO_CACHE
D//SpiceServiceListenerNotifier.java:146(15344): 20:45:22.292 Thread-2890 Message queue is Handler (android.os.Handler) {42216e90}
V//DefaultRequestListenerNotifier.java:131(15344): 20:45:22.294 main Notifying 1 listeners of progress com.octo.android.robospice.request.listener.RequestProgress@422732d0
D//RequestProgressManager.java:82(15344): 20:45:22.368 Thread-2890 Sending progress COMPLETE
D//SpiceServiceListenerNotifier.java:146(15344): 20:45:22.370 Thread-2890 Message queue is Handler (android.os.Handler) {42216e90}
V//DefaultRequestListenerNotifier.java:131(15344): 20:45:22.380 main Notifying 1 listeners of progress com.octo.android.robospice.request.listener.RequestProgress@422b11a0
D//SpiceServiceListenerNotifier.java:146(15344): 20:45:22.380 Thread-2890 Message queue is Handler (android.os.Handler) {42216e90}
V//DefaultRequestListenerNotifier.java:166(15344): 20:45:22.391 main Notifying 1 listeners of request success
V//RequestProgressManager.java:161(15344): 20:45:22.394 Thread-2890 Removing CachedSpiceRequest [requestCacheKey=20140525T184521UTC(0,144,0,0,1401043521), cacheDuration=-1, spiceRequest=com.digiburo.mellow.heeler.lib.network.RemoteConfigurationRequest@421dc970]  size is 1
V//DefaultRequestListenerNotifier.java:172(15344): 20:45:22.396 main Notifying 
D/com.digiburo.mellow.heeler.lib.network.RemoteConfigurationWriter(15344): request success
D/com.digiburo.mellow.heeler.lib.network.RemoteConfigurationWriter(15344): must update remote configuration to version:1
D//RequestProgressManager.java:91(15344): 20:45:22.404 Thread-2890 Sending all request complete.
V//SpiceService.java:431(15344): 20:45:22.413 Thread-2890 Pending requests : 0
D//SpiceServiceListenerNotifier.java:146(15344): 20:45:22.420 Thread-2890 Message queue is Handler (android.os.Handler) {42216e90}
D//DefaultRequestRunner.java:294(15344): 20:45:22.427 Thread-2890 It tooks 709 ms to process request CachedSpiceRequest [requestCacheKey=20140525T184521UTC(0,144,0,0,1401043521), cacheDuration=-1, spiceRequest=com.digiburo.mellow.heeler.lib.network.RemoteConfigurationRequest@421dc970].
D/com.digiburo.mellow.heeler.app.MainActivity(15344): shared preference change:wsAuthorizeUrl
D/dalvikvm(15344): GC_FOR_ALLOC freed 424K, 5% free 9744K/10204K, paused 27ms, total 27ms
D/com.digiburo.mellow.heeler.app.MainActivity(15344): shared preference change:wsLocationUrl
D/com.digiburo.mellow.heeler.app.MainActivity(15344): shared preference change:wsObservationUrl
D/com.digiburo.mellow.heeler.app.MainActivity(15344): shared preference change:wsSortieUrl
D/com.digiburo.mellow.heeler.app.MainActivity(15344): shared preference change:wsConfigVersion
D/com.digiburo.mellow.heeler.lib.network.RemoteConfigurationWriter(15344): invoking listener
D/com.digiburo.mellow.heeler.lib.UploadController(15344): remote configuration noted
D/com.digiburo.mellow.heeler.lib.network.AuthorizationWriter(15344): test authorization
D//SpiceManager.java:483(15344): 20:45:22.863 main adding request to request queue
D//SpiceManager.java:281(15344): 20:45:22.868 SpiceManagerThread 0 Sending request to service : CachedSpiceRequest
D//RequestProcessor.java:66(15344): 20:45:22.875 SpiceManagerThread 0 Adding request to queue 1109495520: CachedSpiceRequest [requestCacheKey=20140525T184522UTC(0,144,0,0,1401043522), cacheDuration=-1, spiceRequest=com.digiburo.mellow.heeler.lib.network.AuthorizationRequest@4229aa98] size is 0
D//RequestProcessor.java:85(15344): 20:45:22.877 SpiceManagerThread 0 Adding entry for type class com.digiburo.mellow.heeler.lib.network.AuthorizationResponse and cacheKey 20140525T184522UTC(0,144,0,0,1401043522).
D//RequestProgressManager.java:61(15344): 20:45:22.880 SpiceManagerThread 0 Request was added to queue.
D//SpiceServiceListenerNotifier.java:146(15344): 20:45:22.883 SpiceManagerThread 0 Message queue is Handler (android.os.Handler) {42216e90}
D//SpiceServiceListenerNotifier.java:175(15344): 20:45:22.887 main Processing request added: CachedSpiceRequest [requestCacheKey=20140525T184522UTC(0,144,0,0,1401043522), cacheDuration=-1, spiceRequest=com.digiburo.mellow.heeler.lib.network.AuthorizationRequest@4229aa98]
D//RequestProgressManager.java:82(15344): 20:45:22.887 SpiceManagerThread 0 Sending progress PENDING
D//SpiceServiceListenerNotifier.java:146(15344): 20:45:22.890 SpiceManagerThread 0 Message queue is Handler (android.os.Handler) {42216e90}
V//DefaultRequestListenerNotifier.java:131(15344): 20:45:22.893 main Notifying 1 listeners of progress com.octo.android.robospice.request.listener.RequestProgress@422b18e8
D//DefaultRequestRunner.java:83(15344): 20:45:22.893 Thread-2890 Processing request : CachedSpiceRequest [requestCacheKey=20140525T184522UTC(0,144,0,0,1401043522), cacheDuration=-1, spiceRequest=com.digiburo.mellow.heeler.lib.network.AuthorizationRequest@4229aa98]
V//SpiceService.java:442(15344): 20:45:22.895 SpiceManagerThread 0 Pending requests : 1
D//DefaultRequestRunner.java:129(15344): 20:45:22.898 Thread-2890 Cache content not available or expired or disabled
V//SpiceService.java:444(15344): 20:45:22.900 SpiceManagerThread 0 Stop foreground
D//DefaultRequestRunner.java:147(15344): 20:45:22.907 Thread-2890 Calling netwok request.
D//RequestProgressManager.java:82(15344): 20:45:22.909 Thread-2890 Sending progress LOADING_FROM_NETWORK
D//SpiceServiceListenerNotifier.java:146(15344): 20:45:22.912 Thread-2890 Message queue is Handler (android.os.Handler) {42216e90}
V//DefaultRequestListenerNotifier.java:131(15344): 20:45:22.916 main Notifying 1 listeners of progress com.octo.android.robospice.request.listener.RequestProgress@4227b4b0
D/dalvikvm(15344): GC_FOR_ALLOC freed 487K, 6% free 9769K/10292K, paused 21ms, total 21ms
D//DefaultRequestRunner.java:150(15344): 20:45:23.873 Thread-2890 Network request call ended.
D//DefaultRequestRunner.java:170(15344): 20:45:23.878 Thread-2890 Start caching content...
D/dalvikvm(15344): GC_FOR_ALLOC freed 458K, 5% free 9821K/10316K, paused 29ms, total 30ms
D//RequestProgressManager.java:82(15344): 20:45:23.914 Thread-2890 Sending progress WRITING_TO_CACHE
D//SpiceServiceListenerNotifier.java:146(15344): 20:45:23.916 Thread-2890 Message queue is Handler (android.os.Handler) {42216e90}
V//DefaultRequestListenerNotifier.java:131(15344): 20:45:23.918 main Notifying 1 listeners of progress com.octo.android.robospice.request.listener.RequestProgress@422d9870
D//RequestProgressManager.java:82(15344): 20:45:23.943 Thread-2890 Sending progress COMPLETE
D//SpiceServiceListenerNotifier.java:146(15344): 20:45:23.945 Thread-2890 Message queue is Handler (android.os.Handler) {42216e90}
D//SpiceServiceListenerNotifier.java:146(15344): 20:45:23.948 Thread-2890 Message queue is Handler (android.os.Handler) {42216e90}
V//DefaultRequestListenerNotifier.java:131(15344): 20:45:23.949 main Notifying 1 listeners of progress com.octo.android.robospice.request.listener.RequestProgress@42277b50
V//RequestProgressManager.java:161(15344): 20:45:23.951 Thread-2890 Removing CachedSpiceRequest [requestCacheKey=20140525T184522UTC(0,144,0,0,1401043522), cacheDuration=-1, spiceRequest=com.digiburo.mellow.heeler.lib.network.AuthorizationRequest@4229aa98]  size is 1
V//DefaultRequestListenerNotifier.java:166(15344): 20:45:23.953 main Notifying 1 listeners of request success
D//RequestProgressManager.java:91(15344): 20:45:23.954 Thread-2890 Sending all request complete.
V//DefaultRequestListenerNotifier.java:172(15344): 20:45:23.954 main Notifying 
V//SpiceService.java:431(15344): 20:45:23.957 Thread-2890 Pending requests : 0
D/com.digiburo.mellow.heeler.lib.network.AuthorizationWriter(15344): authorize success:208.53.68.21:null:OK
D/com.digiburo.mellow.heeler.lib.network.AuthorizationWriter(15344): invoking listener
D/com.digiburo.mellow.heeler.lib.UploadController(15344): remote authorization noted
D/com.digiburo.mellow.heeler.lib.UploadController(15344): remote authorization approved
D/com.digiburo.mellow.heeler.lib.UploadController(15344): uploadLocation:e74c1cd8-9464-4126-96d5-f919d5898b27
D//SpiceServiceListenerNotifier.java:146(15344): 20:45:23.966 Thread-2890 Message queue is Handler (android.os.Handler) {42216e90}
D//DefaultRequestRunner.java:294(15344): 20:45:23.968 Thread-2890 It tooks 1074 ms to process request CachedSpiceRequest [requestCacheKey=20140525T184522UTC(0,144,0,0,1401043522), cacheDuration=-1, spiceRequest=com.digiburo.mellow.heeler.lib.network.AuthorizationRequest@4229aa98].
D/com.digiburo.mellow.heeler.lib.network.GeoLocationWriter(15344): doJsonPost:2:e74c1cd8-9464-4126-96d5-f919d5898b27
I/System.out(15344): vnvnvnvnvnvnvnvnvnvn
I/System.out(15344): vnvnvnvnvnvnvnvnvnvn
I/System.out(15344): vnvnvnvnvnvnvnvnvnvn
I/System.out(15344): vnvnvnvnvnvnvnvnvnvn
D//SpiceManager.java:483(15344): 20:45:23.976 main adding request to request queue
D/com.digiburo.mellow.heeler.lib.UploadController(15344): uploadObservation:e74c1cd8-9464-4126-96d5-f919d5898b27
D//SpiceManager.java:281(15344): 20:45:23.980 SpiceManagerThread 0 Sending request to service : CachedSpiceRequest
D//RequestProcessor.java:66(15344): 20:45:23.982 SpiceManagerThread 0 Adding request to queue 1109495520: CachedSpiceRequest [requestCacheKey=565592346, cacheDuration=-1, spiceRequest=com.digiburo.mellow.heeler.lib.network.GeoLocationRequest@422a57b8] size is 0
D//RequestProcessor.java:85(15344): 20:45:23.984 SpiceManagerThread 0 Adding entry for type class com.digiburo.mellow.heeler.lib.network.GeoLocationResponse and cacheKey 565592346.
D//RequestProgressManager.java:61(15344): 20:45:23.986 SpiceManagerThread 0 Request was added to queue.
D//SpiceServiceListenerNotifier.java:146(15344): 20:45:23.988 SpiceManagerThread 0 Message queue is Handler (android.os.Handler) {42216e90}
D//RequestProgressManager.java:82(15344): 20:45:23.991 SpiceManagerThread 0 Sending progress PENDING
D/com.digiburo.mellow.heeler.lib.network.ObservationWriter(15344): writer:1:e74c1cd8-9464-4126-96d5-f919d5898b27
D//SpiceServiceListenerNotifier.java:146(15344): 20:45:23.994 SpiceManagerThread 0 Message queue is Handler (android.os.Handler) {42216e90}
I/System.out(15344): vnvnvnvnvnvnvnvnvnvn
I/System.out(15344): vnvnvnvnvnvnvnvnvnvn
I/System.out(15344): vnvnvnvnvnvnvnvnvnvn
I/System.out(15344): vnvnvnvnvnvnvnvnvnvn
D//SpiceManager.java:483(15344): 20:45:23.997 main adding request to request queue
D//SpiceServiceListenerNotifier.java:175(15344): 20:45:24.004 main Processing request added: CachedSpiceRequest [requestCacheKey=565592346, cacheDuration=-1, spiceRequest=com.digiburo.mellow.heeler.lib.network.GeoLocationRequest@422a57b8]
V//DefaultRequestListenerNotifier.java:131(15344): 20:45:24.006 main Notifying 1 listeners of progress com.octo.android.robospice.request.listener.RequestProgress@42240940
V//SpiceService.java:442(15344): 20:45:24.001 SpiceManagerThread 0 Pending requests : 1
D//DefaultRequestRunner.java:83(15344): 20:45:24.000 Thread-2890 Processing request : CachedSpiceRequest [requestCacheKey=565592346, cacheDuration=-1, spiceRequest=com.digiburo.mellow.heeler.lib.network.GeoLocationRequest@422a57b8]
D//DefaultRequestRunner.java:129(15344): 20:45:24.011 Thread-2890 Cache content not available or expired or disabled
V//SpiceService.java:444(15344): 20:45:24.016 SpiceManagerThread 0 Stop foreground
D//SpiceManager.java:281(15344): 20:45:24.025 SpiceManagerThread 0 Sending request to service : CachedSpiceRequest
D//DefaultRequestRunner.java:147(15344): 20:45:24.030 Thread-2890 Calling netwok request.
D//RequestProcessor.java:66(15344): 20:45:24.037 SpiceManagerThread 0 Adding request to queue 1109495520: CachedSpiceRequest [requestCacheKey=1733318938, cacheDuration=-1, spiceRequest=com.digiburo.mellow.heeler.lib.network.ObservationRequest@422687e0] size is 1
D//RequestProgressManager.java:82(15344): 20:45:24.043 Thread-2890 Sending progress LOADING_FROM_NETWORK
D//SpiceServiceListenerNotifier.java:146(15344): 20:45:24.054 Thread-2890 Message queue is Handler (android.os.Handler) {42216e90}
V//DefaultRequestListenerNotifier.java:131(15344): 20:45:24.057 main Notifying 1 listeners of progress com.octo.android.robospice.request.listener.RequestProgress@422cf5d0
D//RequestProcessor.java:85(15344): 20:45:24.055 SpiceManagerThread 0 Adding entry for type class com.digiburo.mellow.heeler.lib.network.ObservationResponse and cacheKey 1733318938.
D//RequestProgressManager.java:61(15344): 20:45:24.068 SpiceManagerThread 0 Request was added to queue.
D/dalvikvm(15344): GC_FOR_ALLOC freed 477K, 5% free 9858K/10372K, paused 21ms, total 21ms
D//SpiceServiceListenerNotifier.java:146(15344): 20:45:24.095 SpiceManagerThread 0 Message queue is Handler (android.os.Handler) {42216e90}
D//SpiceServiceListenerNotifier.java:175(15344): 20:45:24.097 main Processing request added: CachedSpiceRequest [requestCacheKey=1733318938, cacheDuration=-1, spiceRequest=com.digiburo.mellow.heeler.lib.network.ObservationRequest@422687e0]
D//RequestProgressManager.java:82(15344): 20:45:24.097 SpiceManagerThread 0 Sending progress PENDING
D//SpiceServiceListenerNotifier.java:146(15344): 20:45:24.101 SpiceManagerThread 0 Message queue is Handler (android.os.Handler) {42216e90}
V//DefaultRequestListenerNotifier.java:131(15344): 20:45:24.103 main Notifying 1 listeners of progress com.octo.android.robospice.request.listener.RequestProgress@42268b10
V//SpiceService.java:442(15344): 20:45:24.103 SpiceManagerThread 0 Pending requests : 2
V//SpiceService.java:444(15344): 20:45:24.105 SpiceManagerThread 0 Stop foreground
D/dalvikvm(15344): GC_FOR_ALLOC freed 504K, 6% free 9868K/10408K, paused 19ms, total 20ms
D//DefaultRequestRunner.java:150(15344): 20:45:26.187 Thread-2890 Network request call ended.
D//DefaultRequestRunner.java:170(15344): 20:45:26.188 Thread-2890 Start caching content...
D//RequestProgressManager.java:82(15344): 20:45:26.191 Thread-2890 Sending progress WRITING_TO_CACHE
D//SpiceServiceListenerNotifier.java:146(15344): 20:45:26.193 Thread-2890 Message queue is Handler (android.os.Handler) {42216e90}
V//DefaultRequestListenerNotifier.java:131(15344): 20:45:26.195 main Notifying 1 listeners of progress com.octo.android.robospice.request.listener.RequestProgress@4226dc78
D//RequestProgressManager.java:82(15344): 20:45:26.245 Thread-2890 Sending progress COMPLETE
D//SpiceServiceListenerNotifier.java:146(15344): 20:45:26.251 Thread-2890 Message queue is Handler (android.os.Handler) {42216e90}
V//DefaultRequestListenerNotifier.java:131(15344): 20:45:26.262 main Notifying 1 listeners of progress com.octo.android.robospice.request.listener.RequestProgress@422bc788
D//SpiceServiceListenerNotifier.java:146(15344): 20:45:26.264 Thread-2890 Message queue is Handler (android.os.Handler) {42216e90}
V//DefaultRequestListenerNotifier.java:166(15344): 20:45:26.267 main Notifying 1 listeners of request success
D/dalvikvm(15344): GC_FOR_ALLOC freed 505K, 6% free 9875K/10416K, paused 26ms, total 26ms
V//DefaultRequestListenerNotifier.java:172(15344): 20:45:26.298 main Notifying 
I/com.digiburo.mellow.heeler.lib.network.GeoLocationWriter(15344): geoloc write success:127.0.0.1:null:OK
E/com.digiburo.mellow.heeler.lib.network.GeoLocationWriter(15344): bad remote sortie UUID
V//RequestProgressManager.java:161(15344): 20:45:26.301 Thread-2890 Removing CachedSpiceRequest [requestCacheKey=565592346, cacheDuration=-1, spiceRequest=com.digiburo.mellow.heeler.lib.network.GeoLocationRequest@422a57b8]  size is 2
D//SpiceServiceListenerNotifier.java:146(15344): 20:45:26.303 Thread-2890 Message queue is Handler (android.os.Handler) {42216e90}
D//DefaultRequestRunner.java:294(15344): 20:45:26.309 Thread-2890 It tooks 2311 ms to process request CachedSpiceRequest [requestCacheKey=565592346, cacheDuration=-1, spiceRequest=com.digiburo.mellow.heeler.lib.network.GeoLocationRequest@422a57b8].
D//DefaultRequestRunner.java:83(15344): 20:45:26.312 Thread-2890 Processing request : CachedSpiceRequest [requestCacheKey=1733318938, cacheDuration=-1, spiceRequest=com.digiburo.mellow.heeler.lib.network.ObservationRequest@422687e0]
D//DefaultRequestRunner.java:129(15344): 20:45:26.314 Thread-2890 Cache content not available or expired or disabled
D//DefaultRequestRunner.java:147(15344): 20:45:26.321 Thread-2890 Calling netwok request.
D//RequestProgressManager.java:82(15344): 20:45:26.323 Thread-2890 Sending progress LOADING_FROM_NETWORK
D//SpiceServiceListenerNotifier.java:146(15344): 20:45:26.325 Thread-2890 Message queue is Handler (android.os.Handler) {42216e90}
D/com.digiburo.mellow.heeler.lib.network.GeoLocationWriter(15344): invoking listener
D/com.digiburo.mellow.heeler.lib.UploadController(15344): remote geoloc noted
V//DefaultRequestListenerNotifier.java:131(15344): 20:45:26.413 main Notifying 1 listeners of progress com.octo.android.robospice.request.listener.RequestProgress@4221c940
D/dalvikvm(15344): GC_FOR_ALLOC freed 471K, 5% free 9917K/10424K, paused 21ms, total 21ms
D//DefaultRequestRunner.java:150(15344): 20:45:26.991 Thread-2890 Network request call ended.
D//DefaultRequestRunner.java:170(15344): 20:45:26.992 Thread-2890 Start caching content...
D//RequestProgressManager.java:82(15344): 20:45:26.994 Thread-2890 Sending progress WRITING_TO_CACHE
D//SpiceServiceListenerNotifier.java:146(15344): 20:45:26.995 Thread-2890 Message queue is Handler (android.os.Handler) {42216e90}
V//DefaultRequestListenerNotifier.java:131(15344): 20:45:26.997 main Notifying 1 listeners of progress com.octo.android.robospice.request.listener.RequestProgress@42290a38
D//RequestProgressManager.java:82(15344): 20:45:27.063 Thread-2890 Sending progress COMPLETE
D//SpiceServiceListenerNotifier.java:146(15344): 20:45:27.072 Thread-2890 Message queue is Handler (android.os.Handler) {42216e90}
D/dalvikvm(15344): GC_FOR_ALLOC freed 515K, 6% free 9916K/10468K, paused 29ms, total 29ms
D//SpiceServiceListenerNotifier.java:146(15344): 20:45:27.108 Thread-2890 Message queue is Handler (android.os.Handler) {42216e90}
V//DefaultRequestListenerNotifier.java:131(15344): 20:45:27.108 main Notifying 1 listeners of progress com.octo.android.robospice.request.listener.RequestProgress@422fa118
V//RequestProgressManager.java:161(15344): 20:45:27.111 Thread-2890 Removing CachedSpiceRequest [requestCacheKey=1733318938, cacheDuration=-1, spiceRequest=com.digiburo.mellow.heeler.lib.network.ObservationRequest@422687e0]  size is 1
D//RequestProgressManager.java:91(15344): 20:45:27.114 Thread-2890 Sending all request complete.
V//DefaultRequestListenerNotifier.java:166(15344): 20:45:27.114 main Notifying 1 listeners of request success
V//DefaultRequestListenerNotifier.java:172(15344): 20:45:27.116 main Notifying 
I/com.digiburo.mellow.heeler.lib.network.ObservationWriter(15344): observation write success:127.0.0.1:null:OK
E/com.digiburo.mellow.heeler.lib.network.ObservationWriter(15344): bad remote sortie UUID
E/com.digiburo.mellow.heeler.lib.network.ObservationWriter(15344): bad remote row count:2:1
V//SpiceService.java:431(15344): 20:45:27.118 Thread-2890 Pending requests : 0
D//SpiceServiceListenerNotifier.java:146(15344): 20:45:27.121 Thread-2890 Message queue is Handler (android.os.Handler) {42216e90}
D//DefaultRequestRunner.java:294(15344): 20:45:27.124 Thread-2890 It tooks 811 ms to process request CachedSpiceRequest [requestCacheKey=1733318938, cacheDuration=-1, spiceRequest=com.digiburo.mellow.heeler.lib.network.ObservationRequest@422687e0].
D/com.digiburo.mellow.heeler.lib.network.ObservationWriter(15344): invoking listener
D/com.digiburo.mellow.heeler.lib.UploadController(15344): remote observation noted
D/com.digiburo.mellow.heeler.lib.UploadController(15344): uploadSortie:e74c1cd8-9464-4126-96d5-f919d5898b27
D/com.digiburo.mellow.heeler.lib.network.SortieWriter(15344): writer:e74c1cd8-9464-4126-96d5-f919d5898b27
D//SpiceManager.java:483(15344): 20:45:27.179 main adding request to request queue
D//SpiceManager.java:281(15344): 20:45:27.180 SpiceManagerThread 0 Sending request to service : CachedSpiceRequest
D//RequestProcessor.java:66(15344): 20:45:27.182 SpiceManagerThread 0 Adding request to queue 1109495520: CachedSpiceRequest [requestCacheKey=-1980306450, cacheDuration=-1, spiceRequest=com.digiburo.mellow.heeler.lib.network.SortieRequest@42236ab8] size is 0
D//RequestProcessor.java:85(15344): 20:45:27.187 SpiceManagerThread 0 Adding entry for type class com.digiburo.mellow.heeler.lib.network.SortieResponse and cacheKey -1980306450.
D//RequestProgressManager.java:61(15344): 20:45:27.189 SpiceManagerThread 0 Request was added to queue.
D//SpiceServiceListenerNotifier.java:146(15344): 20:45:27.191 SpiceManagerThread 0 Message queue is Handler (android.os.Handler) {42216e90}
D//SpiceServiceListenerNotifier.java:175(15344): 20:45:27.194 main Processing request added: CachedSpiceRequest [requestCacheKey=-1980306450, cacheDuration=-1, spiceRequest=com.digiburo.mellow.heeler.lib.network.SortieRequest@42236ab8]
D//RequestProgressManager.java:82(15344): 20:45:27.197 SpiceManagerThread 0 Sending progress PENDING
D//SpiceServiceListenerNotifier.java:146(15344): 20:45:27.199 SpiceManagerThread 0 Message queue is Handler (android.os.Handler) {42216e90}
V//DefaultRequestListenerNotifier.java:131(15344): 20:45:27.202 main Notifying 1 listeners of progress com.octo.android.robospice.request.listener.RequestProgress@42236b18
V//SpiceService.java:442(15344): 20:45:27.205 SpiceManagerThread 0 Pending requests : 1
D//DefaultRequestRunner.java:83(15344): 20:45:27.206 Thread-2890 Processing request : CachedSpiceRequest [requestCacheKey=-1980306450, cacheDuration=-1, spiceRequest=com.digiburo.mellow.heeler.lib.network.SortieRequest@42236ab8]
V//SpiceService.java:444(15344): 20:45:27.209 SpiceManagerThread 0 Stop foreground
D//DefaultRequestRunner.java:129(15344): 20:45:27.209 Thread-2890 Cache content not available or expired or disabled
D//DefaultRequestRunner.java:147(15344): 20:45:27.216 Thread-2890 Calling netwok request.
D//RequestProgressManager.java:82(15344): 20:45:27.218 Thread-2890 Sending progress LOADING_FROM_NETWORK
D//SpiceServiceListenerNotifier.java:146(15344): 20:45:27.221 Thread-2890 Message queue is Handler (android.os.Handler) {42216e90}
V//DefaultRequestListenerNotifier.java:131(15344): 20:45:27.224 main Notifying 1 listeners of progress com.octo.android.robospice.request.listener.RequestProgress@42233f38
D/dalvikvm(15344): GC_FOR_ALLOC freed 483K, 5% free 9945K/10468K, paused 29ms, total 29ms
W/SQLiteConnectionPool(15344): A SQLiteConnection object for database '/storage/emulated/0/Android/data/com.digiburo.mellow.heeler/files/heeler.db' was leaked!  Please fix your application to end transactions in progress properly and to close the database when it is no longer needed.
D//DefaultRequestRunner.java:150(15344): 20:45:28.172 Thread-2890 Network request call ended.
D//DefaultRequestRunner.java:170(15344): 20:45:28.173 Thread-2890 Start caching content...
D//RequestProgressManager.java:82(15344): 20:45:28.175 Thread-2890 Sending progress WRITING_TO_CACHE
D//SpiceServiceListenerNotifier.java:146(15344): 20:45:28.177 Thread-2890 Message queue is Handler (android.os.Handler) {42216e90}
V//DefaultRequestListenerNotifier.java:131(15344): 20:45:28.179 main Notifying 1 listeners of progress com.octo.android.robospice.request.listener.RequestProgress@422aa7d8
D//RequestProgressManager.java:82(15344): 20:45:28.209 Thread-2890 Sending progress COMPLETE
D//SpiceServiceListenerNotifier.java:146(15344): 20:45:28.211 Thread-2890 Message queue is Handler (android.os.Handler) {42216e90}
D//SpiceServiceListenerNotifier.java:146(15344): 20:45:28.214 Thread-2890 Message queue is Handler (android.os.Handler) {42216e90}
V//DefaultRequestListenerNotifier.java:131(15344): 20:45:28.213 main Notifying 1 listeners of progress com.octo.android.robospice.request.listener.RequestProgress@4222cc20
V//DefaultRequestListenerNotifier.java:166(15344): 20:45:28.217 main Notifying 1 listeners of request success
V//DefaultRequestListenerNotifier.java:172(15344): 20:45:28.219 main Notifying 
I/com.digiburo.mellow.heeler.lib.network.SortieWriter(15344): sortie write success:208.53.68.21:0:OK
V//RequestProgressManager.java:161(15344): 20:45:28.217 Thread-2890 Removing CachedSpiceRequest [requestCacheKey=-1980306450, cacheDuration=-1, spiceRequest=com.digiburo.mellow.heeler.lib.network.SortieRequest@42236ab8]  size is 1
D//RequestProgressManager.java:91(15344): 20:45:28.224 Thread-2890 Sending all request complete.
V//SpiceService.java:431(15344): 20:45:28.227 Thread-2890 Pending requests : 0
D//SpiceServiceListenerNotifier.java:146(15344): 20:45:28.230 Thread-2890 Message queue is Handler (android.os.Handler) {42216e90}
D//DefaultRequestRunner.java:294(15344): 20:45:28.233 Thread-2890 It tooks 1027 ms to process request CachedSpiceRequest [requestCacheKey=-1980306450, cacheDuration=-1, spiceRequest=com.digiburo.mellow.heeler.lib.network.SortieRequest@42236ab8].
D/com.digiburo.mellow.heeler.lib.network.SortieWriter(15344): invoking listener
D/com.digiburo.mellow.heeler.lib.UploadController(15344): remote sortie noted
D/LightsService(  394): Excessive delay setting light: 68ms
I/ActivityManager(  394): No longer want android.process.media (pid 14816): empty #17
W/ActivityManager(  394): Scheduling restart of crashed service com.android.providers.media/.MtpService in 5000ms
I/ActivityManager(  394): Start proc android.process.media for service com.android.providers.media/.MtpService: pid=15383 uid=10013 gids={50013, 1015, 1023, 1024, 1028, 2001, 3003, 3007}
D/MtpService(15383): updating state; isCurrentUser=true, mMtpLocked=false
D/MtpService(15383): addStorageLocked 65537 /storage/emulated/0
D/MtpService(15383): updating state; isCurrentUser=true, mMtpLocked=false
D/MtpService(15383): starting MTP server in MTP mode
D/MtpService(15383): addStorageLocked 65537 /storage/emulated/0
D/dalvikvm(15383): GC_CONCURRENT freed 203K, 3% free 9053K/9296K, paused 3ms+2ms, total 24ms
D/dalvikvm(14364): GC_CONCURRENT freed 361K, 5% free 8945K/9344K, paused 5ms+3ms, total 46ms
I/RlzPingService(14364): Setting next ping for 1401648599334
I/EventLogService(  840): Aggregate from 1401042051985 (log), 1401042051985 (data)
I/ServiceDumpSys(  840): dumping service [account]
I/ActivityManager(  394): No longer want com.google.android.apps.walletnfcrel (pid 14886): empty for 1854s
D/dalvikvm(14319): GC_CONCURRENT freed 353K, 5% free 9107K/9496K, paused 5ms+6ms, total 35ms
D/dalvikvm(  394): GC_CONCURRENT freed 3904K, 35% free 23916K/36536K, paused 8ms+16ms, total 156ms
I/EntropyMixer(  394): Writing entropy...
D/GCM     (  684): Message class jwi
D/ConnectivityService(  394): handleInetConditionHoldEnd: net=1, condition=100, published condition=100
D/GpsLocationProvider(  394): NTP server returned: 1400972400258 (Sun May 25 01:00:00 CEST 2014) reference: 261460652 certainty: 136 system time offset: -71948180
V/DigitalWidgetViewsFactory(11317): DigitalWidget sets next alarm string to null
D/GpsLocationProvider(  394): NTP server returned: 1400972400258 (Sun May 25 01:00:00 CEST 2014) reference: 261460652 certainty: 136 system time offset: -72003130
D/GpsLocationProvider(  394): NTP server returned: 1400972400258 (Sun May 25 01:00:00 CEST 2014) reference: 261460652 certainty: 136 system time offset: -72039181
D/GpsLocationProvider(  394): NTP server returned: 1400972400258 (Sun May 25 01:00:00 CEST 2014) reference: 261460652 certainty: 136 system time offset: -72073571
D/GpsLocationProvider(  394): NTP server returned: 1400972400258 (Sun May 25 01:00:00 CEST 2014) reference: 261460652 certainty: 136 system time offset: -72107755
I/ActivityManager(  394): No longer want com.google.android.apps.magazines (pid 14041): empty for 1800s
D/GCM     (  684): Message class jwi
D/ConnectivityService(  394): handleInetConditionHoldEnd: net=1, condition=100, published condition=100
I/ActivityManager(  394): No longer want com.google.android.gsf.login (pid 15246): empty for 1831s
I/ActivityManager(  394): No longer want com.google.android.gms.drive (pid 12327): empty for 1823s
I/ActivityManager(  394): No longer want com.android.keychain (pid 14286): empty for 1823s
I/ActivityManager(  394): No longer want com.android.packageinstaller (pid 15273): empty for 1824s
W/ActivityManager(  394): Scheduling restart of crashed service com.google.android.gms/.drive.api.ApiService in 5000ms
I/ActivityManager(  394): Start proc com.google.android.gms.drive for service com.google.android.gms/.drive.api.ApiService: pid=15418 uid=10010 gids={50010, 3003, 1007, 1028, 1015, 1006, 3002, 3001, 2001, 3006}
I/MultiDex(15418): load(/data/app/com.google.android.gms-2.apk, forceReload=false)
D/dalvikvm(15418): GC_CONCURRENT freed 165K, 3% free 9200K/9404K, paused 2ms+3ms, total 32ms
I/MultiDex(15418): Need extracted file /data/data/com.google.android.gms/files/secondary-dexes/com.google.android.gms-2.apk.classes2.zip
I/MultiDex(15418): No extraction needed for /data/data/com.google.android.gms/files/secondary-dexes/com.google.android.gms-2.apk.classes2.zip of size 1809539
D/GCM     (  684): GcmService start Intent { act=com.google.android.gms.INITIALIZE flg=0x10 pkg=com.google.android.gms cmp=com.google.android.gms/.gcm.GcmService } com.google.android.gms.INITIALIZE
D/dalvikvm(15418): GC_CONCURRENT freed 256K, 4% free 9337K/9632K, paused 3ms+6ms, total 24ms
V/SubscriptionIntentCache(15418): Loaded 0 cache items in 120 milliseconds
I/PinnedContentDownloader(15418): Started downloading pinned content.
I/LegacyContentMigrator(15418): Migrating any legacy content...
I/PinnedContentDownloader(15418): Finished downloading pinned content.
I/LegacyContentMigrator(15418): Content migration complete.
I/PinnedContentDownloader(15418): Started downloading pinned content.
I/PinnedContentDownloader(15418): Finished downloading pinned content.
I/ActivityManager(  394): No longer want com.android.vending (pid 12951): empty for 1802s
I/ActivityManager(  394): No longer want com.google.android.apps.plus (pid 11022): empty for 1817s
I/ActivityManager(  394): No longer want com.google.android.googlequicksearchbox:search (pid 10967): empty for 1817s
I/ActivityManager(  394): No longer want com.android.musicfx (pid 14299): empty for 1817s
I/ActivityManager(  394): No longer want com.google.android.gallery3d (pid 13961): empty for 1817s
I/ActivityManager(  394): No longer want android.process.acore (pid 10867): empty for 1817s
W/ActivityManager(  394): Scheduling restart of crashed service com.google.android.googlequicksearchbox/com.google.android.search.core.service.SearchService in 5000ms
E/        (14226): RS Message thread exiting.
E/        (  651): RS Message thread exiting.
E/RenderScript(14226): rsAssert failed: !mTypes.size(), in frameworks/rs/rsType.cpp at 59
E/RenderScript(14226): rsAssert failed: !mElements.size(), in frameworks/rs/rsElement.cpp at 375
E/RenderScript(  651): rsAssert failed: !mTypes.size(), in frameworks/rs/rsType.cpp at 59
E/RenderScript(  651): rsAssert failed: !mElements.size(), in frameworks/rs/rsElement.cpp at 375
V/DigitalWidgetViewsFactory(11317): DigitalWidget sets next alarm string to null
D/AndroidRuntime(15442): 
D/AndroidRuntime(15442): >>>>>> AndroidRuntime START com.android.internal.os.RuntimeInit <<<<<<
D/AndroidRuntime(15442): CheckJNI is OFF
D/dalvikvm(15442): Trying to load lib libjavacore.so 0x0
D/dalvikvm(15442): Added shared lib libjavacore.so 0x0
D/dalvikvm(15442): Trying to load lib libnativehelper.so 0x0
D/dalvikvm(15442): Added shared lib libnativehelper.so 0x0
D/AndroidRuntime(15442): Calling main entry com.android.commands.pm.Pm
W/ActivityManager(  394): No content provider found for permission revoke: file:///data/local/tmp/com.digiburo.mellow.heeler
W/ActivityManager(  394): No content provider found for permission revoke: file:///data/local/tmp/com.digiburo.mellow.heeler
I/PackageManager(  394): Copying native libraries to /data/app-lib/vmdl-2065062888
D/dalvikvm(  394): GC_CONCURRENT freed 3419K, 34% free 24268K/36536K, paused 4ms+7ms, total 109ms
D/dalvikvm(  394): WAIT_FOR_CONCURRENT_GC blocked 87ms
D/dalvikvm(  394): GC_CONCURRENT freed 3922K, 34% free 24203K/36536K, paused 4ms+9ms, total 102ms
D/dalvikvm(  394): WAIT_FOR_CONCURRENT_GC blocked 90ms
I/ActivityManager(  394): Force stopping package com.digiburo.mellow.heeler appid=10002 user=-1
I/ActivityManager(  394): Killing proc 15344:com.digiburo.mellow.heeler/u0a10002: force stop com.digiburo.mellow.heeler
W/ActivityManager(  394): Scheduling restart of crashed service com.digiburo.mellow.heeler/com.octo.android.robospice.JacksonSpringAndroidSpiceService in 5000ms
W/ActivityManager(  394): Force removing ActivityRecord{426e74c8 u0 com.digiburo.mellow.heeler/.app.MenuActivity}: app died, no saved state
I/ActivityManager(  394):   Force finishing activity ActivityRecord{426b7378 u0 com.digiburo.mellow.heeler/.app.MainActivity}
I/WindowState(  394): WIN DEATH: Window{42a25d40 u0 com.digiburo.mellow.heeler/com.digiburo.mellow.heeler.app.MainActivity}
I/WindowState(  394): WIN DEATH: Window{42d93310 u0 com.digiburo.mellow.heeler/com.digiburo.mellow.heeler.app.MenuActivity}
I/PackageManager(  394): Package com.digiburo.mellow.heeler codePath changed from /data/app/com.digiburo.mellow.heeler-1.apk to /data/app/com.digiburo.mellow.heeler-2.apk; Retaining data and using new
I/ActivityManager(  394):   Force stopping service ServiceRecord{42d30e60 u0 com.digiburo.mellow.heeler/com.octo.android.robospice.JacksonSpringAndroidSpiceService}
I/PackageManager(  394): Running dexopt on: com.digiburo.mellow.heeler
W/InputMethodManagerService(  394): Got RemoteException sending setActive(false) notification to pid 15344 uid 10002
V/RenderScript(14226): 0x5bc27520 Launching thread(s), CPUs 2
D/dalvikvm(15454): DexOpt: load 234ms, verify+opt 1690ms, 4132492 bytes
I/ActivityManager(  394): Force stopping package com.digiburo.mellow.heeler appid=10002 user=-1
W/PackageManager(  394): Code path for pkg : com.digiburo.mellow.heeler changing from /data/app/com.digiburo.mellow.heeler-1.apk to /data/app/com.digiburo.mellow.heeler-2.apk
W/PackageManager(  394): Resource path for pkg : com.digiburo.mellow.heeler changing from /data/app/com.digiburo.mellow.heeler-1.apk to /data/app/com.digiburo.mellow.heeler-2.apk
W/PackageManager(  394): Not granting permission android.permission.SEND_DOWNLOAD_COMPLETED_INTENTS to package com.google.android.browser (protectionLevel=2 flags=0x89be45)
W/PackageManager(  394): Unknown permission android.permission.ADD_SYSTEM_SERVICE in package com.android.phone
W/PackageManager(  394): Unknown permission com.android.smspush.WAPPUSH_MANAGER_BIND in package com.android.phone
W/PackageManager(  394): Unknown permission com.android.nfc.permission.NFCEE_ADMIN in package com.google.android.apps.walletnfcrel
W/PackageManager(  394): Unknown permission com.android.vending.billing.IBillingAccountService.BIND2 in package com.google.android.gsf.login
W/PackageManager(  394): Unknown permission com.android.chrome.TOS_ACKED in package com.google.android.gsf.login
W/PackageManager(  394): Unknown permission com.android.gallery3d.permission.GALLERY_PROVIDER in package com.android.bluetooth
W/PackageManager(  394): Not granting permission android.permission.DEVICE_POWER to package com.google.android.deskclock (protectionLevel=2 flags=0xc8be45)
W/PackageManager(  394): Unknown permission android.permission.RECOVERY in package com.google.android.gms
W/PackageManager(  394): Not granting permission android.permission.READ_DREAM_STATE to package com.google.android.gms (protectionLevel=2 flags=0xc83ec5)
W/PackageManager(  394): Not granting permission android.permission.GET_APP_OPS_STATS to package com.google.android.gms (protectionLevel=50 flags=0xc83ec5)
W/PackageManager(  394): Not granting permission android.permission.UPDATE_APP_OPS_STATS to package com.google.android.gms (protectionLevel=18 flags=0xc83ec5)
W/PackageManager(  394): Unknown permission android.permission.CAPTURE_AUDIO_HOTWORD in package com.google.android.gms
W/PackageManager(  394): Unknown permission android.permission.ACCESS_NETWORK_CONDITIONS in package com.google.android.gms
W/PackageManager(  394): Unknown permission android.permission.MANAGE_DEVICE_ADMINS in package com.google.android.gms
W/PackageManager(  394): Not granting permission android.permission.MODIFY_PHONE_STATE to package com.google.android.gms (protectionLevel=18 flags=0xc83ec5)
W/PackageManager(  394): Not granting permission android.permission.MANAGE_USB to package com.google.android.gms (protectionLevel=18 flags=0xc83ec5)
W/PackageManager(  394): Not granting permission android.permission.CALL_PRIVILEGED to package com.google.android.gms (protectionLevel=18 flags=0xc83ec5)
W/PackageManager(  394): Unknown permission android.permission.BLUETOOTH_PRIVILEGED in package com.google.android.gms
W/PackageManager(  394): Unknown permission android.permission.CAPTURE_AUDIO_OUTPUT in package com.google.android.gms
W/PackageManager(  394): Unknown permission android.permission.CAPTURE_VIDEO_OUTPUT in package com.google.android.gms
W/PackageManager(  394): Unknown permission android.permission.CAPTURE_SECURE_VIDEO_OUTPUT in package com.google.android.gms
W/PackageManager(  394): Not granting permission android.permission.READ_FRAME_BUFFER to package com.google.android.gms (protectionLevel=18 flags=0xc83ec5)
W/PackageManager(  394): Unknown permission com.google.android.wearable.READ_SETTINGS in package com.google.android.gms
W/PackageManager(  394): Unknown permission android.permission.READ_OWNER_DATA in package com.google.android.setupwizard
W/PackageManager(  394): Unknown permission android.permission.WRITE_OWNER_DATA in package com.google.android.setupwizard
W/PackageManager(  394): Unknown permission android.permission.MEDIA_CONTENT_CONTROL in package com.google.android.googlequicksearchbox
W/PackageManager(  394): Unknown permission com.google.android.apps.googlevoice.permission.AUTO_SEND in package com.google.android.googlequicksearchbox
W/PackageManager(  394): Unknown permission com.android.chrome.PRERENDER_URL in package com.google.android.googlequicksearchbox
W/PackageManager(  394): Unknown permission android.permission.CAPTURE_AUDIO_HOTWORD in package com.google.android.googlequicksearchbox
W/PackageManager(  394): Not granting permission android.permission.STOP_APP_SWITCHES to package com.google.android.googlequicksearchbox (protectionLevel=18 flags=0xdbbec5)
W/PackageManager(  394): Not granting permission android.permission.STATUS_BAR to package com.google.android.googlequicksearchbox (protectionLevel=18 flags=0xdbbec5)
W/PackageManager(  394): Unknown permission com.google.android.launcher.permission.CONTENT_REDIRECT in package com.google.android.googlequicksearchbox
W/PackageManager(  394): Not granting permission android.permission.BIND_APPWIDGET to package com.google.android.googlequicksearchbox (protectionLevel=18 flags=0xdbbec5)
W/PackageManager(  394): Not granting permission android.permission.SEND_DOWNLOAD_COMPLETED_INTENTS to package com.android.vending (protectionLevel=2 flags=0x8abec5)
W/PackageManager(  394): Not granting permission android.permission.WRITE_SECURE_SETTINGS to package com.android.vending (protectionLevel=50 flags=0x8abec5)
W/PackageManager(  394): Unknown permission android.permission.MANAGE_DOCUMENTS in package com.google.android.youtube
W/PackageManager(  394): Not granting permission android.permission.READ_DREAM_STATE to package com.google.android.gsf (protectionLevel=2 flags=0x883e45)
W/PackageManager(  394): Unknown permission com.digiburo.mellow.heeler.permission.MAPS_RECEIVE in package com.digiburo.mellow.heeler
I/ActivityManager(  394): Force stopping package com.digiburo.mellow.heeler appid=10002 user=0
I/InputReader(  394): Reconfiguring input devices.  changes=0x00000010
I/ActivityManager(  394): Start proc android.process.acore for broadcast com.android.providers.contacts/.PackageIntentReceiver: pid=15458 uid=10000 gids={50000, 3003, 1015, 1028}
D/dalvikvm(  651): GC_EXPLICIT freed 1758K, 25% free 18021K/23820K, paused 3ms+31ms, total 125ms
D/dalvikvm(  647): GC_CONCURRENT freed 433K, 5% free 9130K/9604K, paused 3ms+1ms, total 28ms
D/dalvikvm(  394): GC_EXPLICIT freed 1269K, 34% free 24185K/36536K, paused 5ms+33ms, total 175ms
I/InputReader(  394): Reconfiguring input devices.  changes=0x00000010
I/Launcher(  651): Deferring update until onResume
D/BackupManagerService(  394): Received broadcast Intent { act=android.intent.action.PACKAGE_REMOVED dat=package:com.digiburo.mellow.heeler flg=0x8000010 (has extras) }
D/BackupManagerService(  394): Received broadcast Intent { act=android.intent.action.PACKAGE_ADDED dat=package:com.digiburo.mellow.heeler flg=0x8000010 (has extras) }
V/BackupManagerService(  394): removePackageParticipantsLocked: uid=10002 #1
V/BackupManagerService(  394): addPackageParticipantsLocked: #1
I/Launcher(  651): Deferring update until onResume
D/dalvikvm(15458): GC_CONCURRENT freed 208K, 3% free 9113K/9360K, paused 2ms+1ms, total 21ms
I/ActivityManager(  394): Start proc com.google.android.gallery3d for broadcast com.google.android.gallery3d/com.android.gallery3d.app.PackagesMonitor: pid=15474 uid=10017 gids={50017, 1006, 3003, 1015, 1028}
D/dalvikvm(15474): GC_CONCURRENT freed 325K, 4% free 9009K/9372K, paused 3ms+1ms, total 23ms
I/ActivityManager(  394): Start proc com.android.keychain for broadcast com.android.keychain/.KeyChainBroadcastReceiver: pid=15494 uid=1000 gids={41000, 1015, 1028, 3002, 3001, 3003, 3007}
W/ContextImpl(15494): Calling a method in the system process without a qualified user: android.app.ContextImpl.startService:1385 android.content.ContextWrapper.startService:473 android.content.ContextWrapper.startService:473 com.android.keychain.KeyChainBroadcastReceiver.onReceive:12 android.app.ActivityThread.handleReceiver:2424 
D/dalvikvm(  394): GC_EXPLICIT freed 1080K, 36% free 23566K/36536K, paused 5ms+13ms, total 321ms
I/ActivityManager(  394): Start proc com.android.musicfx for broadcast com.android.musicfx/.Compatibility$Receiver: pid=15508 uid=10038 gids={50038, 3003, 3002, 1028}
I/ActivityManager(  394): Start proc com.android.vending for broadcast com.android.vending/com.google.android.finsky.receivers.PackageMonitorReceiver$RegisteredReceiver: pid=15521 uid=10043 gids={50043, 3003, 1015, 1028}
