I/ContactLocale(15458): AddressBook Labels [en_US]: [, A, B, C, D, E, F, G, H, I, J, K, L, M, N, O, P, Q, R, S, T, U, V, W, X, Y, Z, Î‘, Î’, Î“, Î”, Î•, Î–, Î—, Î˜, Î™, Îš, Î›, Îœ, Î, Îž, ÎŸ, Î , Î¡, Î£, Î¤, Î¥, Î¦, Î§, Î¨, Î©, , Ð, Ð‘, Ð’, Ð“, Ð”, Ð•, Ð„, Ð–, Ð—, Ð˜, Ð†, Ð‡, Ð™, Ðš, Ð›, Ðœ, Ð, Ðž, ÐŸ, Ð , Ð¡, Ð¢, Ð£, Ð¤, Ð¥, Ð¦, Ð§, Ð¨, Ð©, Ð®, Ð¯, , ×, ×‘, ×’, ×“, ×”, ×•, ×–, ×—, ×˜, ×™, ×›, ×œ, ×ž, × , ×¡, ×¢, ×¤, ×¦, ×§, ×¨, ×©, ×ª, , Ø§, Ø¨, Øª, Ø«, Ø¬, Ø­, Ø®, Ø¯, Ø°, Ø±, Ø², Ø³, Ø´, Øµ, Ø¶, Ø·, Ø¸, Ø¹, Øº, Ù, Ù‚, Ùƒ, Ù„, Ù…, Ù†, Ù‡, Ùˆ, ÙŠ, , à¸, à¸‚, à¸ƒ, à¸„, à¸…, à¸†, à¸‡, à¸ˆ, à¸‰, à¸Š, à¸‹, à¸Œ, à¸, à¸Ž, à¸, à¸, à¸‘, à¸’, à¸“, à¸”, à¸•, à¸–, à¸—, à¸˜, à¸™, à¸š, à¸›, à¸œ, à¸, à¸ž, à¸Ÿ, à¸ , à¸¡, à¸¢, à¸£, à¸¤, à¸¥, à¸¦, à¸§, à¸¨, à¸©, à¸ª, à¸«, à¸¬, à¸­, à¸®, , ã„±, ã„´, ã„·, ã„¹, ã…, ã…‚, ã……, ã…‡, ã…ˆ, ã…Š, ã…‹, ã…Œ, ã…, ã…Ž, , ã‚, ã‹, ã•, ãŸ, ãª, ã¯, ã¾, ã‚„, ã‚‰, ã‚, #, ]
D/AndroidRuntime(15442): Shutting down VM
D/jdwp    (15442): Got wake-up signal, bailing out of select
D/dalvikvm(15442): Debugger has detached; object registry had 1 entries
D/Finsky  (15521): [1] FinskyApp.onCreate: Initializing network with DFE https://android.clients.google.com/fdfe/
D/dalvikvm(15521): GC_CONCURRENT freed 248K, 4% free 9037K/9324K, paused 3ms+3ms, total 23ms
D/Finsky  (15521): [1] DailyHygiene.goMakeHygieneIfDirty: No need to run daily hygiene.
W/Settings(15521): Setting download_manager_max_bytes_over_mobile has moved from android.provider.Settings.Secure to android.provider.Settings.Global.
W/Settings(15521): Setting download_manager_recommended_max_bytes_over_mobile has moved from android.provider.Settings.Secure to android.provider.Settings.Global.
D/dalvikvm(15521): GC_CONCURRENT freed 284K, 4% free 9169K/9488K, paused 3ms+4ms, total 19ms
D/dalvikvm(14245): GC_CONCURRENT freed 383K, 5% free 8897K/9320K, paused 3ms+1ms, total 14ms
D/AndroidRuntime(15556): 
D/AndroidRuntime(15556): >>>>>> AndroidRuntime START com.android.internal.os.RuntimeInit <<<<<<
D/AndroidRuntime(15556): CheckJNI is OFF
D/dalvikvm(15556): Trying to load lib libjavacore.so 0x0
D/dalvikvm(15556): Added shared lib libjavacore.so 0x0
D/dalvikvm(15556): Trying to load lib libnativehelper.so 0x0
D/dalvikvm(15556): Added shared lib libnativehelper.so 0x0
D/AndroidRuntime(15556): Calling main entry com.android.commands.am.Am
D/dalvikvm(15556): Note: class Landroid/app/ActivityManagerNative; has 163 unimplemented (abstract) methods
I/ActivityManager(  394): START u0 {act=android.intent.action.MAIN cat=[android.intent.category.LAUNCHER] flg=0x10000000 cmp=com.digiburo.mellow.heeler/.app.MainActivity} from pid 15556
D/dalvikvm(15458): GC_CONCURRENT freed 179K, 3% free 9318K/9536K, paused 2ms+1ms, total 43ms
D/AndroidRuntime(15556): Shutting down VM
D/jdwp    (15556): Got wake-up signal, bailing out of select
D/dalvikvm(15556): Debugger has detached; object registry had 1 entries
I/ActivityManager(  394): Start proc com.digiburo.mellow.heeler for activity com.digiburo.mellow.heeler/.app.MainActivity: pid=15568 uid=10002 gids={50002, 3003, 1015, 1028}
D/dalvikvm(15568): Late-enabling CheckJNI
D/Finsky  (15521): [1] 2.run: Loaded library for account: [k9MfFkVd0JPMse3A3drgd8BQ9iE]
D/Finsky  (15521): [1] 2.run: Finished loading 1 libraries.
I/ActivityManager(  394): Start proc com.google.android.googlequicksearchbox:search for broadcast com.google.android.googlequicksearchbox/com.google.android.search.core.summons.icing.InternalIcingCorporaProvider$CorporaChangedReceiver: pid=15579 uid=10023 gids={50023, 3003, 1028, 3002, 1015}
D/Finsky  (15521): [1] GmsCoreHelper.cleanupNlp: result=false type=4
D/Finsky  (15521): [1] RestoreTracker.stopServiceIfDone: Restore complete with 0 success and 0 failed.
I/System.out(15568): xoxoxoxoxoxoxo
I/dalvikvm(15579): Could not find method android.app.ActivityManager.isLowRamDevice, referenced from method cxx.af
W/dalvikvm(15579): VFY: unable to resolve virtual method 2052: Landroid/app/ActivityManager;.isLowRamDevice ()Z
D/dalvikvm(15579): VFY: replacing opcode 0x6e at 0x000f
D/com.digiburo.mellow.heeler.lib.HeelerApplication(15568): debug level message
I/com.digiburo.mellow.heeler.lib.HeelerApplication(15568): info level message
W/com.digiburo.mellow.heeler.lib.HeelerApplication(15568): warn level message
E/com.digiburo.mellow.heeler.lib.HeelerApplication(15568): error level message
I/System.out(15568): xoxoxoxoxoxoxo
D//SpiceManager.java:212(15568): 21:15:51.473 main SpiceManager started.
D/PackageBroadcastService(  840): Received broadcast action=android.intent.action.PACKAGE_REMOVED and uri=com.digiburo.mellow.heeler
D/dalvikvm(15568): GC_FOR_ALLOC freed 293K, 4% free 9083K/9412K, paused 37ms, total 38ms
I/ActivityManager(  394): Start proc com.google.android.apps.plus for broadcast com.google.android.apps.plus/.service.PackagesMediaMonitor: pid=15599 uid=10044 gids={50044, 3003, 3002, 1015, 1006, 1028}
D/dalvikvm(  125): GC_EXPLICIT freed 40K, 1% free 8863K/8944K, paused 2ms+3ms, total 29ms
D/dalvikvm(  125): GC_EXPLICIT freed <1K, 1% free 8863K/8944K, paused 1ms+7ms, total 25ms
D/dalvikvm(  125): GC_EXPLICIT freed <1K, 1% free 8863K/8944K, paused 1ms+2ms, total 20ms
D/com.digiburo.mellow.heeler.app.ConsoleFragment(15568): start collection false
D/com.digiburo.mellow.heeler.app.ConsoleFragment(15568): start collection false
D/dalvikvm(15599): Trying to load lib /data/app-lib/com.google.android.apps.plus-2/libcrashreporter.so 0x4218f868
D/dalvikvm(15599): Added shared lib /data/app-lib/com.google.android.apps.plus-2/libcrashreporter.so 0x4218f868
V//SpiceManager.java:1183(15568): 21:15:51.682 SpiceManagerThread 0 Binding to service.
D//SpiceService.java:127(15568): 21:15:51.700 main SpiceService instance created.
V//SpiceManager.java:1189(15568): 21:15:51.717 SpiceManagerThread 0 Binding to service succeeded.
D/dalvikvm(15599): GC_CONCURRENT freed 324K, 4% free 9022K/9384K, paused 7ms+4ms, total 33ms
D//SpiceManager.java:1236(15568): 21:15:51.790 SpiceManagerThread 0 Waiting for service to be bound.
D/dalvikvm(15599): GC_CONCURRENT freed 202K, 3% free 9219K/9460K, paused 3ms+3ms, total 26ms
D/dalvikvm(15568): GC_FOR_ALLOC freed 235K, 3% free 9361K/9632K, paused 34ms, total 34ms
D/libEGL  (15568): loaded /vendor/lib/egl/libEGL_POWERVR_SGX540_120.so
D/libEGL  (15568): loaded /vendor/lib/egl/libGLESv1_CM_POWERVR_SGX540_120.so
D/libEGL  (15568): loaded /vendor/lib/egl/libGLESv2_POWERVR_SGX540_120.so
I/InternalIcingCorporaPro(15579): Updating corpora: APPS=com.digiburo.mellow.heeler, CONTACTS=MAYBE
D/PackageBroadcastService(  840): Received broadcast action=android.intent.action.PACKAGE_ADDED and uri=com.digiburo.mellow.heeler
D/PackageAddedReceiver(  684): package added com.digiburo.mellow.heeler
I/PeopleContactsSync(  840): CP2 sync disabled
D/OpenGLRenderer(15568): Enabling debug mode 0
V//SpiceService.java:442(15568): 21:15:52.044 main Pending requests : 0
V//SpiceService.java:444(15568): 21:15:52.048 main Stop foreground
W/IInputConnectionWrapper(14226): showStatusIcon on inactive InputConnection
D/dalvikvm(15579): GC_CONCURRENT freed 258K, 4% free 9118K/9412K, paused 2ms+2ms, total 51ms
D/dalvikvm(15579): WAIT_FOR_CONCURRENT_GC blocked 19ms
D/dalvikvm(15579): WAIT_FOR_CONCURRENT_GC blocked 19ms
I/dalvikvm(15579): Could not find method android.app.AlarmManager.setExact, referenced from method bxj.setExact
W/dalvikvm(15579): VFY: unable to resolve virtual method 2060: Landroid/app/AlarmManager;.setExact (IJLandroid/app/PendingIntent;)V
D/dalvikvm(15579): VFY: replacing opcode 0x6e at 0x0008
D//SpiceServiceListenerNotifier.java:33(15568): 21:15:52.219 main Message Queue starting
D//SpiceManager.java:1086(15568): 21:15:52.220 main Bound to service : JacksonSpringAndroidSpiceService
I/ActivityManager(  394): Displayed com.digiburo.mellow.heeler/.app.MainActivity: +962ms
D//SpiceManager.java:1243(15568): 21:15:52.252 SpiceManagerThread 0 Bound ok.
D/PackageBroadcastService(  840): Received broadcast action=android.intent.action.PACKAGE_REPLACED and uri=com.digiburo.mellow.heeler
I/ActivityManager(  394): Start proc com.google.android.apps.magazines for broadcast com.google.android.apps.magazines/com.google.apps.dots.android.app.receiver.FirstInstallNotificationReceiver: pid=15642 uid=10062 gids={50062, 3003, 1015, 1028}
I/PeopleContactsSync(  840): CP2 sync disabled
D/dalvikvm(  840): GC_CONCURRENT freed 465K, 6% free 10521K/11116K, paused 2ms+3ms, total 62ms
D/dalvikvm(  840): WAIT_FOR_CONCURRENT_GC blocked 22ms
I/dalvikvm(15642): Could not find method android.webkit.WebView.setWebContentsDebuggingEnabled, referenced from method com.google.apps.dots.android.newsstand.NSDepend.setupInternal
W/dalvikvm(15642): VFY: unable to resolve static method 6692: Landroid/webkit/WebView;.setWebContentsDebuggingEnabled (Z)V
D/dalvikvm(15642): VFY: replacing opcode 0x71 at 0x00a5
W/GAV2    (15642): Thread[main,5,main]: Need to call initialize() and be in fallback mode to start dispatch.
D/dalvikvm(15642): GC_CONCURRENT freed 327K, 4% free 9049K/9412K, paused 6ms+1ms, total 42ms
D/dalvikvm(15642): WAIT_FOR_CONCURRENT_GC blocked 6ms
I/dalvikvm(15642): Could not find method android.graphics.Bitmap.getAllocationByteCount, referenced from method com.google.apps.dots.android.newsstand.bitmap.CachingBitmapPool.isGoodForMutableBitmapRequest
W/dalvikvm(15642): VFY: unable to resolve virtual method 848: Landroid/graphics/Bitmap;.getAllocationByteCount ()I
D/dalvikvm(15642): VFY: replacing opcode 0x6e at 0x0018
I/dalvikvm(15642): Could not find method android.graphics.Bitmap.reconfigure, referenced from method com.google.apps.dots.android.newsstand.bitmap.CachingBitmapPool.reconfigureBitmap
W/dalvikvm(15642): VFY: unable to resolve virtual method 858: Landroid/graphics/Bitmap;.reconfigure (IILandroid/graphics/Bitmap$Config;)V
D/dalvikvm(15642): VFY: replacing opcode 0x6e at 0x0008
D/dalvikvm(  840): GC_FOR_ALLOC freed 224K, 6% free 10494K/11116K, paused 24ms, total 25ms
I/NSApplication(15642): Starting up...
D/dalvikvm(15599): GC_CONCURRENT freed 317K, 4% free 9297K/9652K, paused 4ms+2ms, total 24ms
D/dalvikvm(15579): GC_CONCURRENT freed 188K, 3% free 9400K/9624K, paused 3ms+4ms, total 29ms
I/InternalIcingCorporaPro(15579): UpdateCorporaTask done [took 902 ms] updated apps [took 902 ms] 
I/com.digiburo.mellow.heeler.app.MainActivity(15568): toggle:true
I/com.digiburo.mellow.heeler.app.MainActivity(15568): start collection
D/com.digiburo.mellow.heeler.lib.SortieController(15568): startSortie
D/LightsService(  394): Excessive delay setting light: 69ms
D/com.digiburo.mellow.heeler.lib.service.LocationService(15568): xxx xxx onCreate xxx xxx 
D/com.digiburo.mellow.heeler.lib.service.LocationService(15568): distance:10
D/GpsLocationProvider(  394): NTP server returned: 1400972400258 (Sun May 25 01:00:00 CEST 2014) reference: 261460652 certainty: 136 system time offset: -72954732
D/com.digiburo.mellow.heeler.lib.service.ScanReceiver(15568): xxx xxx onReceive xxx xxx:INTENT_ACTION_ALARM
D/com.digiburo.mellow.heeler.lib.service.ScanReceiver(15568): start wifi scan
I/com.digiburo.mellow.heeler.app.ConsoleFragment(15568): onReceive noted
D/com.digiburo.mellow.heeler.app.ConsoleFragment(15568): start collection true
I/com.digiburo.mellow.heeler.app.ConsoleFragment(15568): onReceive noted
I/LatinIME:LogUtils(  600): Dictionary info: dictionary = contacts.en_US ; version = 1400778077 ; date = 1400778077
D/dalvikvm(  394): GC_EXPLICIT freed 2911K, 37% free 23288K/36536K, paused 5ms+11ms, total 134ms
W/ActivityManager(  394): Unable to start service Intent { act=com.google.android.gms.analytics.service.START (has extras) } U=0: not found
W/GAV2    (15474): Thread[GAThread,5,main]: Service unavailable (code=1), will retry.
I/GAV2    (15474): Thread[GAThread,5,main]: No campaign data found.
D/com.digiburo.mellow.heeler.lib.service.ScanReceiver(15568): xxx xxx onReceive xxx xxx:android.net.wifi.SCAN_RESULTS
D/com.digiburo.mellow.heeler.lib.service.ScanReceiver(15568): broadcast scan update
I/com.digiburo.mellow.heeler.app.ConsoleFragment(15568): onReceive noted
W/ActivityManager(  394): Unable to start service Intent { act=com.google.android.gms.analytics.service.START cmp=com.google.android.gms/.analytics.service.AnalyticsService (has extras) } U=0: not found
W/GAV2    (15599): Thread[GAThread,5,main]: Service unavailable (code=1), will retry.
I/GAV2    (15599): Thread[GAThread,5,main]: No campaign data found.
W/GAV2    (15642): Thread[GAThread,5,main]: Service unavailable (code=1), will retry.
W/ActivityManager(  394): Unable to start service Intent { act=com.google.android.gms.analytics.service.START cmp=com.google.android.gms/.analytics.service.AnalyticsService (has extras) } U=0: not found
I/GAV2    (15642): Thread[GAThread,5,main]: No campaign data found.
W/GAV2    (15474): Thread[Service Reconnect,5,main]: Service unavailable (code=1), using local store.
W/ActivityManager(  394): Unable to start service Intent { act=com.google.android.gms.analytics.service.START (has extras) } U=0: not found
W/GAV2    (15599): Thread[Service Reconnect,5,main]: Service unavailable (code=1), using local store.
W/ActivityManager(  394): Unable to start service Intent { act=com.google.android.gms.analytics.service.START cmp=com.google.android.gms/.analytics.service.AnalyticsService (has extras) } U=0: not found
W/GAV2    (15642): Thread[Service Reconnect,5,main]: Service unavailable (code=1), using local store.
W/ActivityManager(  394): Unable to start service Intent { act=com.google.android.gms.analytics.service.START cmp=com.google.android.gms/.analytics.service.AnalyticsService (has extras) } U=0: not found
D/com.digiburo.mellow.heeler.lib.service.LocationService(15568): xxx xxx Location Change:Location[gps 40.417516,-122.240474 acc=5 et=+3d20h53m49s414ms alt=120.9000244140625 vel=0.5004 bear=161.0 {Bundle[mParcelledData.dataSize=44]}]
W/LocationOracleImpl(15579): Not started: ignore location
D/com.digiburo.mellow.heeler.lib.service.LocationService(15568): xxx xxx onStatusChanged:gps:1:Bundle[mParcelledData.dataSize=44]
D/com.digiburo.mellow.heeler.lib.service.LocationService(15568): xxx xxx bundle size:1
D/com.digiburo.mellow.heeler.lib.service.LocationService(15568): xxx xxx extra key:satellites
D/com.digiburo.mellow.heeler.lib.service.LocationService(15568): xxx xxx population:0
I/com.digiburo.mellow.heeler.app.ConsoleFragment(15568): onReceive noted
D/dalvikvm(15521): GC_CONCURRENT freed 257K, 4% free 9307K/9604K, paused 3ms+4ms, total 26ms
D/Finsky  (15521): [1] 5.onFinished: Installation state replication succeeded.
D/dalvikvm(15568): GC_FOR_ALLOC freed 264K, 4% free 9608K/9908K, paused 23ms, total 23ms
I/com.digiburo.mellow.heeler.app.MainActivity(15568): stop collection
D/com.digiburo.mellow.heeler.lib.SortieController(15568): stopSortie
I/ActivityManager(  394): START u0 {act=INTENT_ACTION_UPLOAD cmp=com.digiburo.mellow.heeler/.app.MenuActivity} from pid 15568
D/com.digiburo.mellow.heeler.lib.service.LocationService(15568): xxx xxx onDestroy xxx xxx 
I/com.digiburo.mellow.heeler.app.ConsoleFragment(15568): onReceive noted
D/com.digiburo.mellow.heeler.app.ConsoleFragment(15568): start collection false
W/InputMethodManagerService(  394): Focus gain on non-focused client com.android.internal.view.IInputMethodClient$Stub$Proxy@421beda0 (uid=10002 pid=15568)
D/com.digiburo.mellow.heeler.lib.UploadController(15568): uploadAll
D/com.digiburo.mellow.heeler.lib.network.RemoteConfigurationWriter(15568): remote configuration read
D//SpiceManager.java:483(15568): 21:16:13.300 main adding request to request queue
D//SpiceManager.java:281(15568): 21:16:13.305 SpiceManagerThread 0 Sending request to service : CachedSpiceRequest
D//RequestProcessor.java:66(15568): 21:16:13.311 SpiceManagerThread 0 Adding request to queue 1108844776: CachedSpiceRequest [requestCacheKey=20140525T191613UTC(0,144,0,0,1401045373), cacheDuration=-1, spiceRequest=com.digiburo.mellow.heeler.lib.network.RemoteConfigurationRequest@42233010] size is 0
D//RequestProcessor.java:85(15568): 21:16:13.318 SpiceManagerThread 0 Adding entry for type class com.digiburo.mellow.heeler.lib.network.RemoteConfigurationResponse and cacheKey 20140525T191613UTC(0,144,0,0,1401045373).
D//RequestProgressManager.java:61(15568): 21:16:13.322 SpiceManagerThread 0 Request was added to queue.
D//SpiceServiceListenerNotifier.java:146(15568): 21:16:13.325 SpiceManagerThread 0 Message queue is Handler (android.os.Handler) {422019a8}
D//RequestProgressManager.java:82(15568): 21:16:13.328 SpiceManagerThread 0 Sending progress PENDING
D//SpiceServiceListenerNotifier.java:146(15568): 21:16:13.330 SpiceManagerThread 0 Message queue is Handler (android.os.Handler) {422019a8}
V//SpiceService.java:442(15568): 21:16:13.340 SpiceManagerThread 0 Pending requests : 1
V//SpiceService.java:444(15568): 21:16:13.342 SpiceManagerThread 0 Stop foreground
D//DefaultRequestRunner.java:83(15568): 21:16:13.336 Thread-2915 Processing request : CachedSpiceRequest [requestCacheKey=20140525T191613UTC(0,144,0,0,1401045373), cacheDuration=-1, spiceRequest=com.digiburo.mellow.heeler.lib.network.RemoteConfigurationRequest@42233010]
D//DefaultRequestRunner.java:129(15568): 21:16:13.347 Thread-2915 Cache content not available or expired or disabled
D//DefaultRequestRunner.java:147(15568): 21:16:13.359 Thread-2915 Calling netwok request.
D//RequestProgressManager.java:82(15568): 21:16:13.362 Thread-2915 Sending progress LOADING_FROM_NETWORK
D//SpiceServiceListenerNotifier.java:146(15568): 21:16:13.366 Thread-2915 Message queue is Handler (android.os.Handler) {422019a8}
D//SpiceServiceListenerNotifier.java:175(15568): 21:16:13.400 main Processing request added: CachedSpiceRequest [requestCacheKey=20140525T191613UTC(0,144,0,0,1401045373), cacheDuration=-1, spiceRequest=com.digiburo.mellow.heeler.lib.network.RemoteConfigurationRequest@42233010]
V//DefaultRequestListenerNotifier.java:131(15568): 21:16:13.401 main Notifying 1 listeners of progress com.octo.android.robospice.request.listener.RequestProgress@42233090
V//DefaultRequestListenerNotifier.java:131(15568): 21:16:13.409 main Notifying 1 listeners of progress com.octo.android.robospice.request.listener.RequestProgress@42242d38
I/ActivityManager(  394): Displayed com.digiburo.mellow.heeler/.app.MenuActivity: +235ms
D/dalvikvm(15568): GC_FOR_ALLOC freed 415K, 5% free 9705K/10156K, paused 19ms, total 19ms
W/SQLiteConnectionPool(15568): A SQLiteConnection object for database '/storage/emulated/0/Android/data/com.digiburo.mellow.heeler/files/heeler.db' was leaked!  Please fix your application to end transactions in progress properly and to close the database when it is no longer needed.
D//DefaultRequestRunner.java:150(15568): 21:16:13.875 Thread-2915 Network request call ended.
D//DefaultRequestRunner.java:170(15568): 21:16:13.876 Thread-2915 Start caching content...
D//RequestProgressManager.java:82(15568): 21:16:13.880 Thread-2915 Sending progress WRITING_TO_CACHE
D//SpiceServiceListenerNotifier.java:146(15568): 21:16:13.883 Thread-2915 Message queue is Handler (android.os.Handler) {422019a8}
V//DefaultRequestListenerNotifier.java:131(15568): 21:16:13.886 main Notifying 1 listeners of progress com.octo.android.robospice.request.listener.RequestProgress@4227b578
D//RequestProgressManager.java:82(15568): 21:16:13.973 Thread-2915 Sending progress COMPLETE
D//SpiceServiceListenerNotifier.java:146(15568): 21:16:13.978 Thread-2915 Message queue is Handler (android.os.Handler) {422019a8}
V//DefaultRequestListenerNotifier.java:131(15568): 21:16:13.982 main Notifying 1 listeners of progress com.octo.android.robospice.request.listener.RequestProgress@422b2a10
D//SpiceServiceListenerNotifier.java:146(15568): 21:16:13.987 Thread-2915 Message queue is Handler (android.os.Handler) {422019a8}
V//DefaultRequestListenerNotifier.java:166(15568): 21:16:13.990 main Notifying 1 listeners of request success
V//DefaultRequestListenerNotifier.java:172(15568): 21:16:13.992 main Notifying 
D/com.digiburo.mellow.heeler.lib.network.RemoteConfigurationWriter(15568): request success
D/com.digiburo.mellow.heeler.lib.network.RemoteConfigurationWriter(15568): skipping update, same version:1
D/com.digiburo.mellow.heeler.lib.network.RemoteConfigurationWriter(15568): invoking listener
D/com.digiburo.mellow.heeler.lib.UploadController(15568): remote configuration noted
D/com.digiburo.mellow.heeler.lib.network.AuthorizationWriter(15568): test authorization
D//SpiceManager.java:483(15568): 21:16:14.005 main adding request to request queue
D//SpiceManager.java:281(15568): 21:16:14.016 SpiceManagerThread 0 Sending request to service : CachedSpiceRequest
D//RequestProcessor.java:66(15568): 21:16:14.028 SpiceManagerThread 0 Adding request to queue 1108844776: CachedSpiceRequest [requestCacheKey=20140525T191613UTC(0,144,0,0,1401045373), cacheDuration=-1, spiceRequest=com.digiburo.mellow.heeler.lib.network.AuthorizationRequest@422c0758] size is 1
D/dalvikvm(15568): GC_FOR_ALLOC freed 478K, 6% free 9738K/10252K, paused 30ms, total 30ms
V//RequestProgressManager.java:161(15568): 21:16:14.061 Thread-2915 Removing CachedSpiceRequest [requestCacheKey=20140525T191613UTC(0,144,0,0,1401045373), cacheDuration=-1, spiceRequest=com.digiburo.mellow.heeler.lib.network.RemoteConfigurationRequest@42233010]  size is 1
D//RequestProgressManager.java:91(15568): 21:16:14.063 Thread-2915 Sending all request complete.
D//RequestProcessor.java:85(15568): 21:16:14.067 SpiceManagerThread 0 Adding entry for type class com.digiburo.mellow.heeler.lib.network.AuthorizationResponse and cacheKey 20140525T191613UTC(0,144,0,0,1401045373).
D//RequestProgressManager.java:61(15568): 21:16:14.070 SpiceManagerThread 0 Request was added to queue.
D//SpiceServiceListenerNotifier.java:146(15568): 21:16:14.072 SpiceManagerThread 0 Message queue is Handler (android.os.Handler) {422019a8}
D//SpiceServiceListenerNotifier.java:175(15568): 21:16:14.074 main Processing request added: CachedSpiceRequest [requestCacheKey=20140525T191613UTC(0,144,0,0,1401045373), cacheDuration=-1, spiceRequest=com.digiburo.mellow.heeler.lib.network.AuthorizationRequest@422c0758]
D//RequestProgressManager.java:82(15568): 21:16:14.075 SpiceManagerThread 0 Sending progress PENDING
V//SpiceService.java:431(15568): 21:16:14.072 Thread-2915 Pending requests : 0
D//SpiceServiceListenerNotifier.java:146(15568): 21:16:14.079 SpiceManagerThread 0 Message queue is Handler (android.os.Handler) {422019a8}
V//DefaultRequestListenerNotifier.java:131(15568): 21:16:14.081 main Notifying 1 listeners of progress com.octo.android.robospice.request.listener.RequestProgress@422c0a88
D//SpiceServiceListenerNotifier.java:146(15568): 21:16:14.078 Thread-2915 Message queue is Handler (android.os.Handler) {422019a8}
D//DefaultRequestRunner.java:294(15568): 21:16:14.089 Thread-2915 It tooks 751 ms to process request CachedSpiceRequest [requestCacheKey=20140525T191613UTC(0,144,0,0,1401045373), cacheDuration=-1, spiceRequest=com.digiburo.mellow.heeler.lib.network.RemoteConfigurationRequest@42233010].
V//SpiceService.java:442(15568): 21:16:14.087 SpiceManagerThread 0 Pending requests : 0
D//DefaultRequestRunner.java:83(15568): 21:16:14.091 Thread-2915 Processing request : CachedSpiceRequest [requestCacheKey=20140525T191613UTC(0,144,0,0,1401045373), cacheDuration=-1, spiceRequest=com.digiburo.mellow.heeler.lib.network.AuthorizationRequest@422c0758]
D//DefaultRequestRunner.java:129(15568): 21:16:14.094 Thread-2915 Cache content not available or expired or disabled
V//SpiceService.java:444(15568): 21:16:14.092 SpiceManagerThread 0 Stop foreground
D//DefaultRequestRunner.java:147(15568): 21:16:14.099 Thread-2915 Calling netwok request.
D//RequestProgressManager.java:82(15568): 21:16:14.102 Thread-2915 Sending progress LOADING_FROM_NETWORK
D//SpiceServiceListenerNotifier.java:146(15568): 21:16:14.105 Thread-2915 Message queue is Handler (android.os.Handler) {422019a8}
V//DefaultRequestListenerNotifier.java:131(15568): 21:16:14.107 main Notifying 1 listeners of progress com.octo.android.robospice.request.listener.RequestProgress@422c9de8
D/dalvikvm(15568): GC_FOR_ALLOC freed 465K, 5% free 9786K/10288K, paused 18ms, total 18ms
D//DefaultRequestRunner.java:150(15568): 21:16:15.306 Thread-2915 Network request call ended.
D//DefaultRequestRunner.java:170(15568): 21:16:15.311 Thread-2915 Start caching content...
D//RequestProgressManager.java:82(15568): 21:16:15.318 Thread-2915 Sending progress WRITING_TO_CACHE
D//SpiceServiceListenerNotifier.java:146(15568): 21:16:15.327 Thread-2915 Message queue is Handler (android.os.Handler) {422019a8}
V//DefaultRequestListenerNotifier.java:131(15568): 21:16:15.348 main Notifying 1 listeners of progress com.octo.android.robospice.request.listener.RequestProgress@422a84a0
D/dalvikvm(15568): GC_FOR_ALLOC freed 455K, 5% free 9845K/10336K, paused 22ms, total 22ms
D//RequestProgressManager.java:82(15568): 21:16:15.442 Thread-2915 Sending progress COMPLETE
D//SpiceServiceListenerNotifier.java:146(15568): 21:16:15.444 Thread-2915 Message queue is Handler (android.os.Handler) {422019a8}
D//SpiceServiceListenerNotifier.java:146(15568): 21:16:15.446 Thread-2915 Message queue is Handler (android.os.Handler) {422019a8}
V//RequestProgressManager.java:161(15568): 21:16:15.447 Thread-2915 Removing CachedSpiceRequest [requestCacheKey=20140525T191613UTC(0,144,0,0,1401045373), cacheDuration=-1, spiceRequest=com.digiburo.mellow.heeler.lib.network.AuthorizationRequest@422c0758]  size is 1
D//RequestProgressManager.java:91(15568): 21:16:15.449 Thread-2915 Sending all request complete.
V//SpiceService.java:431(15568): 21:16:15.450 Thread-2915 Pending requests : 0
D//SpiceServiceListenerNotifier.java:146(15568): 21:16:15.452 Thread-2915 Message queue is Handler (android.os.Handler) {422019a8}
D//DefaultRequestRunner.java:294(15568): 21:16:15.454 Thread-2915 It tooks 1364 ms to process request CachedSpiceRequest [requestCacheKey=20140525T191613UTC(0,144,0,0,1401045373), cacheDuration=-1, spiceRequest=com.digiburo.mellow.heeler.lib.network.AuthorizationRequest@422c0758].
V//DefaultRequestListenerNotifier.java:131(15568): 21:16:15.458 main Notifying 1 listeners of progress com.octo.android.robospice.request.listener.RequestProgress@421e9740
V//DefaultRequestListenerNotifier.java:166(15568): 21:16:15.460 main Notifying 1 listeners of request success
V//DefaultRequestListenerNotifier.java:172(15568): 21:16:15.461 main Notifying 
D/com.digiburo.mellow.heeler.lib.network.AuthorizationWriter(15568): authorize success:208.53.68.21:null:OK
D/com.digiburo.mellow.heeler.lib.network.AuthorizationWriter(15568): invoking listener
D/com.digiburo.mellow.heeler.lib.UploadController(15568): remote authorization noted
D/com.digiburo.mellow.heeler.lib.UploadController(15568): remote authorization approved
D/com.digiburo.mellow.heeler.lib.UploadController(15568): uploadLocation:cbc43bbb-1767-4cba-b239-cfd838c0cd1c
D/com.digiburo.mellow.heeler.lib.network.GeoLocationWriter(15568): doJsonPost:2:cbc43bbb-1767-4cba-b239-cfd838c0cd1c
D//SpiceManager.java:483(15568): 21:16:15.480 main adding request to request queue
D/com.digiburo.mellow.heeler.lib.UploadController(15568): uploadObservation:cbc43bbb-1767-4cba-b239-cfd838c0cd1c
D//SpiceManager.java:281(15568): 21:16:15.483 SpiceManagerThread 0 Sending request to service : CachedSpiceRequest
D//RequestProcessor.java:66(15568): 21:16:15.486 SpiceManagerThread 0 Adding request to queue 1108844776: CachedSpiceRequest [requestCacheKey=-2061362062, cacheDuration=-1, spiceRequest=com.digiburo.mellow.heeler.lib.network.GeoLocationRequest@42274d78] size is 0
D//RequestProcessor.java:85(15568): 21:16:15.488 SpiceManagerThread 0 Adding entry for type class com.digiburo.mellow.heeler.lib.network.GeoLocationResponse and cacheKey -2061362062.
D//RequestProgressManager.java:61(15568): 21:16:15.489 SpiceManagerThread 0 Request was added to queue.
D//SpiceServiceListenerNotifier.java:146(15568): 21:16:15.492 SpiceManagerThread 0 Message queue is Handler (android.os.Handler) {422019a8}
D//RequestProgressManager.java:82(15568): 21:16:15.494 SpiceManagerThread 0 Sending progress PENDING
D//SpiceServiceListenerNotifier.java:146(15568): 21:16:15.496 SpiceManagerThread 0 Message queue is Handler (android.os.Handler) {422019a8}
D/com.digiburo.mellow.heeler.lib.network.ObservationWriter(15568): writer:1:cbc43bbb-1767-4cba-b239-cfd838c0cd1c
V//SpiceService.java:442(15568): 21:16:15.500 SpiceManagerThread 0 Pending requests : 1
D//DefaultRequestRunner.java:83(15568): 21:16:15.501 Thread-2915 Processing request : CachedSpiceRequest [requestCacheKey=-2061362062, cacheDuration=-1, spiceRequest=com.digiburo.mellow.heeler.lib.network.GeoLocationRequest@42274d78]
D//SpiceManager.java:483(15568): 21:16:15.502 main adding request to request queue
D//SpiceServiceListenerNotifier.java:175(15568): 21:16:15.508 main Processing request added: CachedSpiceRequest [requestCacheKey=-2061362062, cacheDuration=-1, spiceRequest=com.digiburo.mellow.heeler.lib.network.GeoLocationRequest@42274d78]
D//DefaultRequestRunner.java:129(15568): 21:16:15.511 Thread-2915 Cache content not available or expired or disabled
V//DefaultRequestListenerNotifier.java:131(15568): 21:16:15.511 main Notifying 1 listeners of progress com.octo.android.robospice.request.listener.RequestProgress@42236488
V//SpiceService.java:444(15568): 21:16:15.515 SpiceManagerThread 0 Stop foreground
D//SpiceManager.java:281(15568): 21:16:15.517 SpiceManagerThread 0 Sending request to service : CachedSpiceRequest
D//RequestProcessor.java:66(15568): 21:16:15.518 SpiceManagerThread 0 Adding request to queue 1108844776: CachedSpiceRequest [requestCacheKey=-1539165859, cacheDuration=-1, spiceRequest=com.digiburo.mellow.heeler.lib.network.ObservationRequest@422a8ac8] size is 1
D//DefaultRequestRunner.java:147(15568): 21:16:15.519 Thread-2915 Calling netwok request.
D//RequestProcessor.java:85(15568): 21:16:15.520 SpiceManagerThread 0 Adding entry for type class com.digiburo.mellow.heeler.lib.network.ObservationResponse and cacheKey -1539165859.
D//RequestProgressManager.java:82(15568): 21:16:15.523 Thread-2915 Sending progress LOADING_FROM_NETWORK
D//RequestProgressManager.java:61(15568): 21:16:15.523 SpiceManagerThread 0 Request was added to queue.
D//SpiceServiceListenerNotifier.java:146(15568): 21:16:15.529 Thread-2915 Message queue is Handler (android.os.Handler) {422019a8}
V//DefaultRequestListenerNotifier.java:131(15568): 21:16:15.533 main Notifying 1 listeners of progress com.octo.android.robospice.request.listener.RequestProgress@422bc1a0
D//SpiceServiceListenerNotifier.java:146(15568): 21:16:15.531 SpiceManagerThread 0 Message queue is Handler (android.os.Handler) {422019a8}
D//SpiceServiceListenerNotifier.java:175(15568): 21:16:15.542 main Processing request added: CachedSpiceRequest [requestCacheKey=-1539165859, cacheDuration=-1, spiceRequest=com.digiburo.mellow.heeler.lib.network.ObservationRequest@422a8ac8]
D//RequestProgressManager.java:82(15568): 21:16:15.569 SpiceManagerThread 0 Sending progress PENDING
D//SpiceServiceListenerNotifier.java:146(15568): 21:16:15.576 SpiceManagerThread 0 Message queue is Handler (android.os.Handler) {422019a8}
V//DefaultRequestListenerNotifier.java:131(15568): 21:16:15.585 main Notifying 1 listeners of progress com.octo.android.robospice.request.listener.RequestProgress@422aaed0
V//SpiceService.java:442(15568): 21:16:15.594 SpiceManagerThread 0 Pending requests : 2
V//SpiceService.java:444(15568): 21:16:15.602 SpiceManagerThread 0 Stop foreground
D/dalvikvm(15568): GC_FOR_ALLOC freed 490K, 6% free 9868K/10396K, paused 28ms, total 28ms
D/dalvikvm(15568): GC_FOR_ALLOC freed 504K, 6% free 9875K/10416K, paused 21ms, total 21ms
D//DefaultRequestRunner.java:150(15568): 21:16:16.712 Thread-2915 Network request call ended.
D//DefaultRequestRunner.java:170(15568): 21:16:16.715 Thread-2915 Start caching content...
D//RequestProgressManager.java:82(15568): 21:16:16.719 Thread-2915 Sending progress WRITING_TO_CACHE
D//SpiceServiceListenerNotifier.java:146(15568): 21:16:16.721 Thread-2915 Message queue is Handler (android.os.Handler) {422019a8}
V//DefaultRequestListenerNotifier.java:131(15568): 21:16:16.724 main Notifying 1 listeners of progress com.octo.android.robospice.request.listener.RequestProgress@422efbd0
D//RequestProgressManager.java:82(15568): 21:16:16.757 Thread-2915 Sending progress COMPLETE
D//SpiceServiceListenerNotifier.java:146(15568): 21:16:16.758 Thread-2915 Message queue is Handler (android.os.Handler) {422019a8}
V//DefaultRequestListenerNotifier.java:131(15568): 21:16:16.760 main Notifying 1 listeners of progress com.octo.android.robospice.request.listener.RequestProgress@422a7518
D//SpiceServiceListenerNotifier.java:146(15568): 21:16:16.769 Thread-2915 Message queue is Handler (android.os.Handler) {422019a8}
V//DefaultRequestListenerNotifier.java:166(15568): 21:16:16.772 main Notifying 1 listeners of request success
V//DefaultRequestListenerNotifier.java:172(15568): 21:16:16.777 main Notifying 
I/com.digiburo.mellow.heeler.lib.network.GeoLocationWriter(15568): geoloc write success:208.53.68.21:null:OK
V//RequestProgressManager.java:161(15568): 21:16:16.781 Thread-2915 Removing CachedSpiceRequest [requestCacheKey=-2061362062, cacheDuration=-1, spiceRequest=com.digiburo.mellow.heeler.lib.network.GeoLocationRequest@42274d78]  size is 2
D//SpiceServiceListenerNotifier.java:146(15568): 21:16:16.790 Thread-2915 Message queue is Handler (android.os.Handler) {422019a8}
D//DefaultRequestRunner.java:294(15568): 21:16:16.802 Thread-2915 It tooks 1292 ms to process request CachedSpiceRequest [requestCacheKey=-2061362062, cacheDuration=-1, spiceRequest=com.digiburo.mellow.heeler.lib.network.GeoLocationRequest@42274d78].
D//DefaultRequestRunner.java:83(15568): 21:16:16.825 Thread-2915 Processing request : CachedSpiceRequest [requestCacheKey=-1539165859, cacheDuration=-1, spiceRequest=com.digiburo.mellow.heeler.lib.network.ObservationRequest@422a8ac8]
D//DefaultRequestRunner.java:129(15568): 21:16:16.830 Thread-2915 Cache content not available or expired or disabled
D//DefaultRequestRunner.java:147(15568): 21:16:16.841 Thread-2915 Calling netwok request.
D//RequestProgressManager.java:82(15568): 21:16:16.847 Thread-2915 Sending progress LOADING_FROM_NETWORK
D/dalvikvm(15568): GC_FOR_ALLOC freed 503K, 6% free 9883K/10424K, paused 27ms, total 27ms
D//SpiceServiceListenerNotifier.java:146(15568): 21:16:16.884 Thread-2915 Message queue is Handler (android.os.Handler) {422019a8}
D/com.digiburo.mellow.heeler.lib.network.GeoLocationWriter(15568): invoking listener
D/com.digiburo.mellow.heeler.lib.UploadController(15568): remote geoloc noted
V//DefaultRequestListenerNotifier.java:131(15568): 21:16:16.945 main Notifying 1 listeners of progress com.octo.android.robospice.request.listener.RequestProgress@422eb4c0
D/dalvikvm(15568): GC_FOR_ALLOC freed 481K, 5% free 9915K/10432K, paused 22ms, total 23ms
D//DefaultRequestRunner.java:150(15568): 21:16:17.722 Thread-2915 Network request call ended.
D//DefaultRequestRunner.java:170(15568): 21:16:17.723 Thread-2915 Start caching content...
D//RequestProgressManager.java:82(15568): 21:16:17.725 Thread-2915 Sending progress WRITING_TO_CACHE
D//SpiceServiceListenerNotifier.java:146(15568): 21:16:17.727 Thread-2915 Message queue is Handler (android.os.Handler) {422019a8}
V//DefaultRequestListenerNotifier.java:131(15568): 21:16:17.737 main Notifying 1 listeners of progress com.octo.android.robospice.request.listener.RequestProgress@422584e0
D//RequestProgressManager.java:82(15568): 21:16:17.770 Thread-2915 Sending progress COMPLETE
D//SpiceServiceListenerNotifier.java:146(15568): 21:16:17.776 Thread-2915 Message queue is Handler (android.os.Handler) {422019a8}
V//DefaultRequestListenerNotifier.java:131(15568): 21:16:17.784 main Notifying 1 listeners of progress com.octo.android.robospice.request.listener.RequestProgress@422e9e70
D//SpiceServiceListenerNotifier.java:146(15568): 21:16:17.792 Thread-2915 Message queue is Handler (android.os.Handler) {422019a8}
V//DefaultRequestListenerNotifier.java:166(15568): 21:16:17.795 main Notifying 1 listeners of request success
V//RequestProgressManager.java:161(15568): 21:16:17.802 Thread-2915 Removing CachedSpiceRequest [requestCacheKey=-1539165859, cacheDuration=-1, spiceRequest=com.digiburo.mellow.heeler.lib.network.ObservationRequest@422a8ac8]  size is 1
V//DefaultRequestListenerNotifier.java:172(15568): 21:16:17.802 main Notifying 
I/com.digiburo.mellow.heeler.lib.network.ObservationWriter(15568): observation write success:208.53.68.21:null:OK
D//RequestProgressManager.java:91(15568): 21:16:17.814 Thread-2915 Sending all request complete.
V//SpiceService.java:431(15568): 21:16:17.821 Thread-2915 Pending requests : 0
D//SpiceServiceListenerNotifier.java:146(15568): 21:16:17.831 Thread-2915 Message queue is Handler (android.os.Handler) {422019a8}
D//DefaultRequestRunner.java:294(15568): 21:16:17.839 Thread-2915 It tooks 1021 ms to process request CachedSpiceRequest [requestCacheKey=-1539165859, cacheDuration=-1, spiceRequest=com.digiburo.mellow.heeler.lib.network.ObservationRequest@422a8ac8].
D/com.digiburo.mellow.heeler.lib.network.ObservationWriter(15568): invoking listener
D/com.digiburo.mellow.heeler.lib.UploadController(15568): remote observation noted
D/com.digiburo.mellow.heeler.lib.UploadController(15568): uploadSortie:cbc43bbb-1767-4cba-b239-cfd838c0cd1c
D/com.digiburo.mellow.heeler.lib.network.SortieWriter(15568): writer:cbc43bbb-1767-4cba-b239-cfd838c0cd1c
D/dalvikvm(15568): GC_FOR_ALLOC freed 506K, 6% free 9921K/10464K, paused 22ms, total 22ms
W/SQLiteConnectionPool(15568): A SQLiteConnection object for database '/storage/emulated/0/Android/data/com.digiburo.mellow.heeler/files/heeler.db' was leaked!  Please fix your application to end transactions in progress properly and to close the database when it is no longer needed.
D//SpiceManager.java:483(15568): 21:16:17.908 main adding request to request queue
D//SpiceManager.java:281(15568): 21:16:17.910 SpiceManagerThread 0 Sending request to service : CachedSpiceRequest
D//RequestProcessor.java:66(15568): 21:16:17.915 SpiceManagerThread 0 Adding request to queue 1108844776: CachedSpiceRequest [requestCacheKey=-1270735365, cacheDuration=-1, spiceRequest=com.digiburo.mellow.heeler.lib.network.SortieRequest@422edac0] size is 0
D//RequestProcessor.java:85(15568): 21:16:17.917 SpiceManagerThread 0 Adding entry for type class com.digiburo.mellow.heeler.lib.network.SortieResponse and cacheKey -1270735365.
D//RequestProgressManager.java:61(15568): 21:16:17.919 SpiceManagerThread 0 Request was added to queue.
D//SpiceServiceListenerNotifier.java:146(15568): 21:16:17.920 SpiceManagerThread 0 Message queue is Handler (android.os.Handler) {422019a8}
D//SpiceServiceListenerNotifier.java:175(15568): 21:16:17.922 main Processing request added: CachedSpiceRequest [requestCacheKey=-1270735365, cacheDuration=-1, spiceRequest=com.digiburo.mellow.heeler.lib.network.SortieRequest@422edac0]
D//RequestProgressManager.java:82(15568): 21:16:17.924 SpiceManagerThread 0 Sending progress PENDING
D//SpiceServiceListenerNotifier.java:146(15568): 21:16:17.926 SpiceManagerThread 0 Message queue is Handler (android.os.Handler) {422019a8}
V//DefaultRequestListenerNotifier.java:131(15568): 21:16:17.928 main Notifying 1 listeners of progress com.octo.android.robospice.request.listener.RequestProgress@422f23a0
D//DefaultRequestRunner.java:83(15568): 21:16:17.930 Thread-2915 Processing request : CachedSpiceRequest [requestCacheKey=-1270735365, cacheDuration=-1, spiceRequest=com.digiburo.mellow.heeler.lib.network.SortieRequest@422edac0]
V//SpiceService.java:442(15568): 21:16:17.931 SpiceManagerThread 0 Pending requests : 1
D//DefaultRequestRunner.java:129(15568): 21:16:17.935 Thread-2915 Cache content not available or expired or disabled
V//SpiceService.java:444(15568): 21:16:17.936 SpiceManagerThread 0 Stop foreground
D//DefaultRequestRunner.java:147(15568): 21:16:17.939 Thread-2915 Calling netwok request.
D//RequestProgressManager.java:82(15568): 21:16:17.941 Thread-2915 Sending progress LOADING_FROM_NETWORK
D//SpiceServiceListenerNotifier.java:146(15568): 21:16:17.942 Thread-2915 Message queue is Handler (android.os.Handler) {422019a8}
V//DefaultRequestListenerNotifier.java:131(15568): 21:16:17.943 main Notifying 1 listeners of progress com.octo.android.robospice.request.listener.RequestProgress@422a3e20
D//DefaultRequestRunner.java:150(15568): 21:16:18.480 Thread-2915 Network request call ended.
D//DefaultRequestRunner.java:170(15568): 21:16:18.484 Thread-2915 Start caching content...
D//RequestProgressManager.java:82(15568): 21:16:18.492 Thread-2915 Sending progress WRITING_TO_CACHE
D//SpiceServiceListenerNotifier.java:146(15568): 21:16:18.499 Thread-2915 Message queue is Handler (android.os.Handler) {422019a8}
V//DefaultRequestListenerNotifier.java:131(15568): 21:16:18.503 main Notifying 1 listeners of progress com.octo.android.robospice.request.listener.RequestProgress@42266640
D/dalvikvm(15568): GC_FOR_ALLOC freed 481K, 5% free 9950K/10468K, paused 29ms, total 29ms
D//RequestProgressManager.java:82(15568): 21:16:18.586 Thread-2915 Sending progress COMPLETE
D//SpiceServiceListenerNotifier.java:146(15568): 21:16:18.588 Thread-2915 Message queue is Handler (android.os.Handler) {422019a8}
D//SpiceServiceListenerNotifier.java:146(15568): 21:16:18.590 Thread-2915 Message queue is Handler (android.os.Handler) {422019a8}
V//DefaultRequestListenerNotifier.java:131(15568): 21:16:18.592 main Notifying 1 listeners of progress com.octo.android.robospice.request.listener.RequestProgress@4225d658
V//RequestProgressManager.java:161(15568): 21:16:18.592 Thread-2915 Removing CachedSpiceRequest [requestCacheKey=-1270735365, cacheDuration=-1, spiceRequest=com.digiburo.mellow.heeler.lib.network.SortieRequest@422edac0]  size is 1
D//RequestProgressManager.java:91(15568): 21:16:18.596 Thread-2915 Sending all request complete.
V//DefaultRequestListenerNotifier.java:166(15568): 21:16:18.596 main Notifying 1 listeners of request success
V//SpiceService.java:431(15568): 21:16:18.598 Thread-2915 Pending requests : 0
V//DefaultRequestListenerNotifier.java:172(15568): 21:16:18.599 main Notifying 
D//SpiceServiceListenerNotifier.java:146(15568): 21:16:18.600 Thread-2915 Message queue is Handler (android.os.Handler) {422019a8}
I/com.digiburo.mellow.heeler.lib.network.SortieWriter(15568): sortie write success:127.0.0.1:0:OK
E/com.digiburo.mellow.heeler.lib.network.SortieWriter(15568): bad remote sortie UUID
E/com.digiburo.mellow.heeler.lib.network.SortieWriter(15568): bad remote row count:2
D//DefaultRequestRunner.java:294(15568): 21:16:18.603 Thread-2915 It tooks 673 ms to process request CachedSpiceRequest [requestCacheKey=-1270735365, cacheDuration=-1, spiceRequest=com.digiburo.mellow.heeler.lib.network.SortieRequest@422edac0].
D/com.digiburo.mellow.heeler.lib.network.SortieWriter(15568): invoking listener
D/com.digiburo.mellow.heeler.lib.UploadController(15568): remote sortie noted
D/LightsService(  394): Excessive delay setting light: 65ms
D/MDnsDS  (  121): MDnsSdListener::Monitor poll timed out
D/MDnsDS  (  121): Going to poll with pollCount 1
I/EventLogService(  840): Aggregate from 1401043852120 (log), 1401043852120 (data)
D/dalvikvm(  840): GC_FOR_ALLOC freed 261K, 6% free 10483K/11116K, paused 34ms, total 35ms
I/ServiceDumpSys(  840): dumping service [account]
D/LightsService(  394): Excessive delay setting light: 70ms
D/LightsService(  394): Excessive delay setting light: 69ms
D/AndroidRuntime(15707): 
D/AndroidRuntime(15707): >>>>>> AndroidRuntime START com.android.internal.os.RuntimeInit <<<<<<
D/AndroidRuntime(15707): CheckJNI is OFF
D/dalvikvm(15707): Trying to load lib libjavacore.so 0x0
D/dalvikvm(15707): Added shared lib libjavacore.so 0x0
D/dalvikvm(15707): Trying to load lib libnativehelper.so 0x0
D/dalvikvm(15707): Added shared lib libnativehelper.so 0x0
D/AndroidRuntime(15707): Calling main entry com.android.commands.pm.Pm
W/ActivityManager(  394): No content provider found for permission revoke: file:///data/local/tmp/com.digiburo.mellow.heeler
W/ActivityManager(  394): No content provider found for permission revoke: file:///data/local/tmp/com.digiburo.mellow.heeler
I/PackageManager(  394): Copying native libraries to /data/app-lib/vmdl242640474
D/dalvikvm(  394): GC_CONCURRENT freed 2523K, 34% free 24378K/36536K, paused 8ms+12ms, total 138ms
D/dalvikvm(  394): WAIT_FOR_CONCURRENT_GC blocked 114ms
D/dalvikvm(  394): GC_CONCURRENT freed 3974K, 34% free 24287K/36536K, paused 3ms+9ms, total 104ms
D/dalvikvm(  394): WAIT_FOR_CONCURRENT_GC blocked 94ms
I/ActivityManager(  394): Force stopping package com.digiburo.mellow.heeler appid=10002 user=-1
I/ActivityManager(  394): Killing proc 15568:com.digiburo.mellow.heeler/u0a10002: force stop com.digiburo.mellow.heeler
W/ActivityManager(  394): Scheduling restart of crashed service com.digiburo.mellow.heeler/com.octo.android.robospice.JacksonSpringAndroidSpiceService in 5000ms
W/ActivityManager(  394): Force removing ActivityRecord{426794d8 u0 com.digiburo.mellow.heeler/.app.MenuActivity}: app died, no saved state
I/ActivityManager(  394):   Force finishing activity ActivityRecord{4270cce8 u0 com.digiburo.mellow.heeler/.app.MainActivity}
W/InputDispatcher(  394): channel '42721f20 com.digiburo.mellow.heeler/com.digiburo.mellow.heeler.app.MainActivity (server)' ~ Consumer closed input channel or an error occurred.  events=0x9
E/InputDispatcher(  394): channel '42721f20 com.digiburo.mellow.heeler/com.digiburo.mellow.heeler.app.MainActivity (server)' ~ Channel is unrecoverably broken and will be disposed!
W/InputDispatcher(  394): Attempted to unregister already unregistered input channel '42721f20 com.digiburo.mellow.heeler/com.digiburo.mellow.heeler.app.MainActivity (server)'
I/WindowState(  394): WIN DEATH: Window{42721f20 u0 com.digiburo.mellow.heeler/com.digiburo.mellow.heeler.app.MainActivity}
I/WindowState(  394): WIN DEATH: Window{427f38a0 u0 com.digiburo.mellow.heeler/com.digiburo.mellow.heeler.app.MenuActivity}
I/PackageManager(  394): Package com.digiburo.mellow.heeler codePath changed from /data/app/com.digiburo.mellow.heeler-2.apk to /data/app/com.digiburo.mellow.heeler-1.apk; Retaining data and using new
I/PackageManager(  394): Running dexopt on: com.digiburo.mellow.heeler
I/ActivityManager(  394):   Force stopping service ServiceRecord{428a9320 u0 com.digiburo.mellow.heeler/com.octo.android.robospice.JacksonSpringAndroidSpiceService}
W/InputMethodManagerService(  394): Got RemoteException sending setActive(false) notification to pid 15568 uid 10002
D/dalvikvm(15718): DexOpt: load 238ms, verify+opt 1867ms, 4132492 bytes
I/ActivityManager(  394): Force stopping package com.digiburo.mellow.heeler appid=10002 user=-1
W/PackageManager(  394): Code path for pkg : com.digiburo.mellow.heeler changing from /data/app/com.digiburo.mellow.heeler-2.apk to /data/app/com.digiburo.mellow.heeler-1.apk
W/PackageManager(  394): Resource path for pkg : com.digiburo.mellow.heeler changing from /data/app/com.digiburo.mellow.heeler-2.apk to /data/app/com.digiburo.mellow.heeler-1.apk
W/PackageManager(  394): Not granting permission android.permission.SEND_DOWNLOAD_COMPLETED_INTENTS to package com.google.android.browser (protectionLevel=2 flags=0x89be45)
W/PackageManager(  394): Unknown permission android.permission.ADD_SYSTEM_SERVICE in package com.android.phone
W/PackageManager(  394): Unknown permission com.android.smspush.WAPPUSH_MANAGER_BIND in package com.android.phone
W/PackageManager(  394): Unknown permission com.android.nfc.permission.NFCEE_ADMIN in package com.google.android.apps.walletnfcrel
W/PackageManager(  394): Unknown permission com.android.vending.billing.IBillingAccountService.BIND2 in package com.google.android.gsf.login
W/PackageManager(  394): Unknown permission com.android.chrome.TOS_ACKED in package com.google.android.gsf.login
W/PackageManager(  394): Unknown permission com.android.gallery3d.permission.GALLERY_PROVIDER in package com.android.bluetooth
W/PackageManager(  394): Not granting permission android.permission.DEVICE_POWER to package com.google.android.deskclock (protectionLevel=2 flags=0xc8be45)
W/PackageManager(  394): Unknown permission android.permission.RECOVERY in package com.google.android.gms
W/PackageManager(  394): Not granting permission android.permission.READ_DREAM_STATE to package com.google.android.gms (protectionLevel=2 flags=0xc83ec5)
W/PackageManager(  394): Not granting permission android.permission.GET_APP_OPS_STATS to package com.google.android.gms (protectionLevel=50 flags=0xc83ec5)
W/PackageManager(  394): Not granting permission android.permission.UPDATE_APP_OPS_STATS to package com.google.android.gms (protectionLevel=18 flags=0xc83ec5)
W/PackageManager(  394): Unknown permission android.permission.CAPTURE_AUDIO_HOTWORD in package com.google.android.gms
W/PackageManager(  394): Unknown permission android.permission.ACCESS_NETWORK_CONDITIONS in package com.google.android.gms
W/PackageManager(  394): Unknown permission android.permission.MANAGE_DEVICE_ADMINS in package com.google.android.gms
W/PackageManager(  394): Not granting permission android.permission.MODIFY_PHONE_STATE to package com.google.android.gms (protectionLevel=18 flags=0xc83ec5)
W/PackageManager(  394): Not granting permission android.permission.MANAGE_USB to package com.google.android.gms (protectionLevel=18 flags=0xc83ec5)
